Component: ARM Compiler 5.06 update 5 (build 528) Tool: armlink [4d35e2]

==============================================================================

Section Cross References

    main.o(i.HAL_TIM_PeriodElapsedCallback) refers to stm32f1xx_hal.o(i.HAL_IncTick) for HAL_IncTick
    main.o(i.SystemClock_Config) refers to rt_memclr_w.o(.text) for __aeabi_memclr4
    main.o(i.SystemClock_Config) refers to stm32f1xx_hal_rcc.o(i.HAL_RCC_OscConfig) for HAL_RCC_OscConfig
    main.o(i.SystemClock_Config) refers to main.o(i.Error_Handler) for Error_Handler
    main.o(i.SystemClock_Config) refers to stm32f1xx_hal_rcc.o(i.HAL_RCC_ClockConfig) for HAL_RCC_ClockConfig
    main.o(i.main) refers to stm32f1xx_hal.o(i.HAL_Init) for HAL_Init
    main.o(i.main) refers to drv_gpio.o(i.GPIO_12vPower_Init) for GPIO_12vPower_Init
    main.o(i.main) refers to drv_gpio.o(i.GPIO_3v3Power_Init) for GPIO_3v3Power_Init
    main.o(i.main) refers to drv_gpio.o(i.GPIO_4GModule_RS485_StatusLED_Init) for GPIO_4GModule_RS485_StatusLED_Init
    main.o(i.main) refers to drv_adc.o(i.ADC1_Init) for ADC1_Init
    main.o(i.main) refers to tasks.o(i.xTaskCreate) for xTaskCreate
    main.o(i.main) refers to tasks.o(i.vTaskStartScheduler) for vTaskStartScheduler
    main.o(i.main) refers to main.o(i.test) for test
    main.o(i.test) refers to _printf_percent.o(.ARM.Collect$$_printf_percent$$00000000) for _printf_percent
    main.o(i.test) refers to _printf_f.o(.ARM.Collect$$_printf_percent$$00000003) for _printf_f
    main.o(i.test) refers to printf1.o(x$fpl$printf1) for _printf_fp_dec
    main.o(i.test) refers to drv_adc.o(i.ADC1_GetVoltage) for ADC1_GetVoltage
    main.o(i.test) refers to f2d.o(x$fpl$f2d) for __aeabi_f2d
    main.o(i.test) refers to noretval__2printf.o(.text) for __2printf
    main.o(i.test) refers to drv_gpio.o(i.GPIO_4GModule_StatusLED_Ctrl) for GPIO_4GModule_StatusLED_Ctrl
    main.o(i.test) refers to drv_gpio.o(i.GPIO_RS485_StatusLED_Ctrl) for GPIO_RS485_StatusLED_Ctrl
    main.o(i.test) refers to tasks.o(i.vTaskDelay) for vTaskDelay
    main.o(i.test) refers to main.o(.data) for i
    ringbuffer.o(i.RingBufferClear) refers to rt_memclr.o(.text) for __aeabi_memclr
    ringbuffer.o(i.RingBufferFree) refers to h1_free.o(.text) for free
    ringbuffer.o(i.RingBufferNew) refers to h1_alloc.o(.text) for malloc
    ringbuffer.o(i.RingBufferNew) refers to h1_free.o(.text) for free
    ringbuffer.o(i.RingBufferNew) refers to ringbuffer.o(i.RingBufferWrite) for RingBufferWrite
    ringbuffer.o(i.RingBufferNew) refers to ringbuffer.o(i.RingBufferRead) for RingBufferRead
    ringbuffer.o(i.RingBufferNew) refers to ringbuffer.o(i.RingBufferClear) for RingBufferClear
    ringbuffer.o(i.RingBufferNew) refers to ringbuffer.o(i.RingBufferFree) for RingBufferFree
    ringbuffer.o(i.RingBufferRead) refers to rt_memcpy_v6.o(.text) for __aeabi_memcpy
    ringbuffer.o(i.RingBufferWrite) refers to rt_memcpy_v6.o(.text) for __aeabi_memcpy
    event_groups.o(i.vEventGroupClearBitsCallback) refers to event_groups.o(i.xEventGroupClearBits) for xEventGroupClearBits
    event_groups.o(i.vEventGroupDelete) refers to tasks.o(i.vTaskSuspendAll) for vTaskSuspendAll
    event_groups.o(i.vEventGroupDelete) refers to tasks.o(i.vTaskRemoveFromUnorderedEventList) for vTaskRemoveFromUnorderedEventList
    event_groups.o(i.vEventGroupDelete) refers to heap_4.o(i.vPortFree) for vPortFree
    event_groups.o(i.vEventGroupDelete) refers to tasks.o(i.xTaskResumeAll) for xTaskResumeAll
    event_groups.o(i.vEventGroupSetBitsCallback) refers to event_groups.o(i.xEventGroupSetBits) for xEventGroupSetBits
    event_groups.o(i.xEventGroupClearBits) refers to port.o(i.vPortEnterCritical) for vPortEnterCritical
    event_groups.o(i.xEventGroupClearBits) refers to port.o(i.vPortExitCritical) for vPortExitCritical
    event_groups.o(i.xEventGroupClearBitsFromISR) refers to timers.o(i.xTimerPendFunctionCallFromISR) for xTimerPendFunctionCallFromISR
    event_groups.o(i.xEventGroupClearBitsFromISR) refers to event_groups.o(i.vEventGroupClearBitsCallback) for vEventGroupClearBitsCallback
    event_groups.o(i.xEventGroupCreate) refers to heap_4.o(i.pvPortMalloc) for pvPortMalloc
    event_groups.o(i.xEventGroupCreate) refers to list.o(i.vListInitialise) for vListInitialise
    event_groups.o(i.xEventGroupSetBits) refers to tasks.o(i.vTaskSuspendAll) for vTaskSuspendAll
    event_groups.o(i.xEventGroupSetBits) refers to tasks.o(i.vTaskRemoveFromUnorderedEventList) for vTaskRemoveFromUnorderedEventList
    event_groups.o(i.xEventGroupSetBits) refers to tasks.o(i.xTaskResumeAll) for xTaskResumeAll
    event_groups.o(i.xEventGroupSetBitsFromISR) refers to timers.o(i.xTimerPendFunctionCallFromISR) for xTimerPendFunctionCallFromISR
    event_groups.o(i.xEventGroupSetBitsFromISR) refers to event_groups.o(i.vEventGroupSetBitsCallback) for vEventGroupSetBitsCallback
    event_groups.o(i.xEventGroupSync) refers to tasks.o(i.xTaskGetSchedulerState) for xTaskGetSchedulerState
[...]
    i.vPortValidateInterruptPriority         0x08003f58   Section        0  port.o(i.vPortValidateInterruptPriority)
    i.vQueueAddToRegistry                    0x08003fd0   Section        0  queue.o(i.vQueueAddToRegistry)
    i.vQueueWaitForMessageRestricted         0x08003ffc   Section        0  queue.o(i.vQueueWaitForMessageRestricted)
    i.vTaskDelay                             0x08004048   Section        0  tasks.o(i.vTaskDelay)
    i.vTaskInternalSetTimeOutState           0x080040a4   Section        0  tasks.o(i.vTaskInternalSetTimeOutState)
    i.vTaskMissedYield                       0x080040bc   Section        0  tasks.o(i.vTaskMissedYield)
    i.vTaskPlaceOnEventList                  0x080040c8   Section        0  tasks.o(i.vTaskPlaceOnEventList)
    i.vTaskPlaceOnEventListRestricted        0x08004100   Section        0  tasks.o(i.vTaskPlaceOnEventListRestricted)
    i.vTaskStartScheduler                    0x08004140   Section        0  tasks.o(i.vTaskStartScheduler)
    i.vTaskSuspendAll                        0x080041d4   Section        0  tasks.o(i.vTaskSuspendAll)
    i.vTaskSwitchContext                     0x080041e4   Section        0  tasks.o(i.vTaskSwitchContext)
    i.xPortStartScheduler                    0x08004274   Section        0  port.o(i.xPortStartScheduler)
    i.xQueueGenericCreate                    0x0800436c   Section        0  queue.o(i.xQueueGenericCreate)
    i.xQueueGenericReset                     0x080043c0   Section        0  queue.o(i.xQueueGenericReset)
    i.xQueueGenericSend                      0x08004458   Section        0  queue.o(i.xQueueGenericSend)
    i.xQueueGenericSendFromISR               0x08004600   Section        0  queue.o(i.xQueueGenericSendFromISR)
    i.xQueueReceive                          0x080046fc   Section        0  queue.o(i.xQueueReceive)
    i.xTaskCheckForTimeOut                   0x08004864   Section        0  tasks.o(i.xTaskCheckForTimeOut)
    i.xTaskCreate                            0x080048f0   Section        0  tasks.o(i.xTaskCreate)
    i.xTaskGetSchedulerState                 0x08004950   Section        0  tasks.o(i.xTaskGetSchedulerState)
    i.xTaskGetTickCount                      0x08004970   Section        0  tasks.o(i.xTaskGetTickCount)
    i.xTaskIncrementTick                     0x0800497c   Section        0  tasks.o(i.xTaskIncrementTick)
    i.xTaskPriorityDisinherit                0x08004ac0   Section        0  tasks.o(i.xTaskPriorityDisinherit)
    i.xTaskRemoveFromEventList               0x08004b64   Section        0  tasks.o(i.xTaskRemoveFromEventList)
    i.xTaskResumeAll                         0x08004bfc   Section        0  tasks.o(i.xTaskResumeAll)
    i.xTimerCreateTimerTask                  0x08004d00   Section        0  timers.o(i.xTimerCreateTimerTask)
    i.xTimerGenericCommand                   0x08004d54   Section        0  timers.o(i.xTimerGenericCommand)
    locale$$code                             0x08004dd8   Section       44  lc_numeric_c.o(locale$$code)
    x$fpl$d2f                                0x08004e04   Section       98  d2f.o(x$fpl$d2f)
    x$fpl$ddiv                               0x08004e68   Section      688  ddiv.o(x$fpl$ddiv)
    ddiv_entry                               0x08004e6f   Thumb Code     0  ddiv.o(x$fpl$ddiv)
    x$fpl$dfltu                              0x08005118   Section       38  dflt_clz.o(x$fpl$dfltu)
    x$fpl$dmul                               0x08005140   Section      340  dmul.o(x$fpl$dmul)
    x$fpl$dnaninf                            0x08005294   Section      156  dnaninf.o(x$fpl$dnaninf)
    x$fpl$dretinf                            0x08005330   Section       12  dretinf.o(x$fpl$dretinf)
    x$fpl$f2d                                0x0800533c   Section       86  f2d.o(x$fpl$f2d)
    x$fpl$fnaninf                            0x08005392   Section      140  fnaninf.o(x$fpl$fnaninf)
    x$fpl$fretinf                            0x0800541e   Section       10  fretinf.o(x$fpl$fretinf)
    x$fpl$printf1                            0x08005428   Section        4  printf1.o(x$fpl$printf1)
    .constdata                               0x0800542c   Section       24  system_stm32f1xx.o(.constdata)
    x$fpl$usenofp                            0x0800542c   Section        0  usenofp.o(x$fpl$usenofp)
    .constdata                               0x08005444   Section       18  stm32f1xx_hal_rcc.o(.constdata)
    aPLLMULFactorTable                       0x08005444   Data          16  stm32f1xx_hal_rcc.o(.constdata)
    aPredivFactorTable                       0x08005454   Data           2  stm32f1xx_hal_rcc.o(.constdata)
    .constdata                               0x08005456   Section       18  stm32f1xx_hal_rcc_ex.o(.constdata)
    aPLLMULFactorTable                       0x08005456   Data          16  stm32f1xx_hal_rcc_ex.o(.constdata)
    aPredivFactorTable                       0x08005466   Data           2  stm32f1xx_hal_rcc_ex.o(.constdata)
    .constdata                               0x08005468   Section      148  bigflt0.o(.constdata)
    tenpwrs_x                                0x08005468   Data          60  bigflt0.o(.constdata)
    tenpwrs_i                                0x080054a4   Data          64  bigflt0.o(.constdata)
    .constdata                               0x080054fc   Section        4  sys_io.o(.constdata)
    .constdata                               0x08005500   Section        4  sys_io.o(.constdata)
    .constdata                               0x08005504   Section        4  sys_io.o(.constdata)
    locale$$data                             0x08005528   Section       28  lc_numeric_c.o(locale$$data)
    __lcnum_c_name                           0x0800552c   Data           2  lc_numeric_c.o(locale$$data)
    __lcnum_c_start                          0x08005534   Data           0  lc_numeric_c.o(locale$$data)
    __lcnum_c_point                          0x08005540   Data           0  lc_numeric_c.o(locale$$data)
    __lcnum_c_thousands                      0x08005542   Data           0  lc_numeric_c.o(locale$$data)
    __lcnum_c_grouping                       0x08005543   Data           0  lc_numeric_c.o(locale$$data)
    __lcnum_c_end                            0x08005544   Data           0  lc_numeric_c.o(locale$$data)
    .data                                    0x20000000   Section        4  main.o(.data)
    i                                        0x20000000   Data           4  main.o(.data)
    .data                                    0x20000004   Section       60  tasks.o(.data)
    pxDelayedTaskList                        0x20000008   Data           4  tasks.o(.data)
    pxOverflowDelayedTaskList                0x2000000c   Data           4  tasks.o(.data)
    uxDeletedTasksWaitingCleanUp             0x20000010   Data           4  tasks.o(.data)
    uxCurrentNumberOfTasks                   0x20000014   Data           4  tasks.o(.data)
    xTickCount                               0x20000018   Data           4  tasks.o(.data)
    uxTopReadyPriority                       0x2000001c   Data           4  tasks.o(.data)
    xSchedulerRunning                        0x20000020   Data           4  tasks.o(.data)
    xPendedTicks                             0x20000024   Data           4  tasks.o(.data)
    xYieldPending                            0x20000028   Data           4  tasks.o(.data)
    xNumOfOverflows                          0x2000002c   Data           4  tasks.o(.data)
    uxTaskNumber                             0x20000030   Data           4  tasks.o(.data)
    xNextTaskUnblockTime                     0x20000034   Data           4  tasks.o(.data)
    xIdleTaskHandle                          0x20000038   Data           4  tasks.o(.data)
    uxSchedulerSuspended                     0x2000003c   Data           4  tasks.o(.data)
    .data                                    0x20000040   Section       20  timers.o(.data)
    pxCurrentTimerList                       0x20000040   Data           4  timers.o(.data)
    pxOverflowTimerList                      0x20000044   Data           4  timers.o(.data)
    xTimerQueue                              0x20000048   Data           4  timers.o(.data)
    xTimerTaskHandle                         0x2000004c   Data           4  timers.o(.data)
    xLastTime                                0x20000050   Data           4  timers.o(.data)
    .data                                    0x20000054   Section       32  heap_4.o(.data)
    xStart                                   0x20000054   Data           8  heap_4.o(.data)
    pxEnd                                    0x2000005c   Data           4  heap_4.o(.data)
    xFreeBytesRemaining                      0x20000060   Data           4  heap_4.o(.data)
    xMinimumEverFreeBytesRemaining           0x20000064   Data           4  heap_4.o(.data)
    xNumberOfSuccessfulAllocations           0x20000068   Data           4  heap_4.o(.data)
    xNumberOfSuccessfulFrees                 0x2000006c   Data           4  heap_4.o(.data)
    xBlockAllocatedBit                       0x20000070   Data           4  heap_4.o(.data)
    .data                                    0x20000074   Section       12  port.o(.data)
    uxCriticalNesting                        0x20000074   Data           4  port.o(.data)
    ucMaxSysCallPriority                     0x20000078   Data           1  port.o(.data)
    ulMaxPRIGROUPValue                       0x2000007c   Data           4  port.o(.data)
    .data                                    0x20000080   Section        4  system_stm32f1xx.o(.data)
    .data                                    0x20000084   Section        9  stm32f1xx_hal.o(.data)
    .data                                    0x20000090   Section        4  stdio_streams.o(.data)
    .data                                    0x20000094   Section        4  stdio_streams.o(.data)
    .data                                    0x20000098   Section        4  stdio_streams.o(.data)
    .bss                                     0x2000009c   Section       64  queue.o(.bss)
    .bss                                     0x200000dc   Section     1220  tasks.o(.bss)
    pxReadyTasksLists                        0x200000dc   Data        1120  tasks.o(.bss)
    xDelayedTaskList1                        0x2000053c   Data          20  tasks.o(.bss)
    xDelayedTaskList2                        0x20000550   Data          20  tasks.o(.bss)
    xPendingReadyList                        0x20000564   Data          20  tasks.o(.bss)
    xTasksWaitingTermination                 0x20000578   Data          20  tasks.o(.bss)
    xSuspendedTaskList                       0x2000058c   Data          20  tasks.o(.bss)
    .bss                                     0x200005a0   Section       40  timers.o(.bss)
    xActiveTimerList1                        0x200005a0   Data          20  timers.o(.bss)
    xActiveTimerList2                        0x200005b4   Data          20  timers.o(.bss)
    .bss                                     0x200005c8   Section     3072  heap_4.o(.bss)
    ucHeap                                   0x200005c8   Data        3072  heap_4.o(.bss)
    .bss                                     0x200011c8   Section       72  stm32f1xx_hal_timebase_tim.o(.bss)
    .bss                                     0x20001210   Section       48  drv_adc.o(.bss)
    .bss                                     0x20001240   Section       84  stdio_streams.o(.bss)
    .bss                                     0x20001294   Section       84  stdio_streams.o(.bss)
    .bss                                     0x200012e8   Section       84  stdio_streams.o(.bss)
    .bss                                     0x2000133c   Section       96  libspace.o(.bss)
    HEAP                                     0x200013a0   Section      512  startup_stm32f103xe.o(HEAP)
    Heap_Mem                                 0x200013a0   Data         512  startup_stm32f103xe.o(HEAP)
    STACK                                    0x200015a0   Section     1024  startup_stm32f103xe.o(STACK)
    Stack_Mem                                0x200015a0   Data        1024  startup_stm32f103xe.o(STACK)
    __initial_sp                             0x200019a0   Data           0  startup_stm32f103xe.o(STACK)

    Global Symbols

    Symbol Name                              Value     Ov Type        Size  Object(Section)

    BuildAttributes$$THM_ISAv4$P$D$K$B$S$PE$A:L22UL41UL21$X:L11$S22US41US21$IEEE1$IW$USESV6$~STKCKD$USESV7$~SHL$OTIME$ROPI$IEEEJ$EBA8$UX$STANDARDLIB$REQ8$PRES8$EABIv2 0x00000000   Number         0  anon$$obj.o ABSOLUTE
    __ARM_use_no_argv                        0x00000000   Number         0  main.o ABSOLUTE
    __ARM_exceptions_init                     - Undefined Weak Reference
    __alloca_initialize                       - Undefined Weak Reference
    __arm_preinit_                            - Undefined Weak Reference
    __cpp_initialize__aeabi_                  - Undefined Weak Reference
    __cxa_finalize                            - Undefined Weak Reference
    __sigvec_lookup                           - Undefined Weak Reference
    __user_heap_extent                        - Undefined Weak Reference
    _atexit_init                              - Undefined Weak Reference
    _call_atexit_fns                          - Undefined Weak Reference
    _clock_init                               - Undefined Weak Reference
    _fp_trap_init                             - Undefined Weak Reference
    _fp_trap_shutdown                         - Undefined Weak Reference
    _get_lc_collate                           - Undefined Weak Reference
    _get_lc_ctype                             - Undefined Weak Reference
    _get_lc_monetary                          - Undefined Weak Reference
    _get_lc_time                              - Undefined Weak Reference
    _getenv_init                              - Undefined Weak Reference
    _handle_redirection                       - Undefined Weak Reference
    _mutex_acquire                            - Undefined Weak Reference
    _mutex_free                               - Undefined Weak Reference
    _mutex_release                            - Undefined Weak Reference
    _printf_post_padding                      - Undefined Weak Reference
    _printf_pre_padding                       - Undefined Weak Reference
    _rand_init                                - Undefined Weak Reference
    _signal_finish                            - Undefined Weak Reference
    _signal_init                              - Undefined Weak Reference
    __Vectors_Size                           0x00000130   Number         0  startup_stm32f103xe.o ABSOLUTE
    __Vectors                                0x08000000   Data           4  startup_stm32f103xe.o(RESET)
    __Vectors_End                            0x08000130   Data           0  startup_stm32f103xe.o(RESET)
    __main                                   0x08000131   Thumb Code     8  __main.o(!!!main)
    __scatterload                            0x08000139   Thumb Code     0  __scatter.o(!!!scatter)
    __scatterload_rt2                        0x08000139   Thumb Code    44  __scatter.o(!!!scatter)
    __scatterload_rt2_thumb_only             0x08000139   Thumb Code     0  __scatter.o(!!!scatter)
    __scatterload_null                       0x08000147   Thumb Code     0  __scatter.o(!!!scatter)
    __scatterload_copy                       0x0800016d   Thumb Code    26  __scatter_copy.o(!!handler_copy)
    __scatterload_zeroinit                   0x08000189   Thumb Code    28  __scatter_zi.o(!!handler_zi)
    _printf_f                                0x080001a5   Thumb Code     0  _printf_f.o(.ARM.Collect$$_printf_percent$$00000003)
    _printf_percent                          0x080001a5   Thumb Code     0  _printf_percent.o(.ARM.Collect$$_printf_percent$$00000000)
    _printf_percent_end                      0x080001ab   Thumb Code     0  _printf_percent_end.o(.ARM.Collect$$_printf_percent$$00000017)
    __rt_lib_init                            0x080001af   Thumb Code     0  libinit.o(.ARM.Collect$$libinit$$00000000)
    __rt_lib_init_fp_1                       0x080001b1   Thumb Code     0  libinit2.o(.ARM.Collect$$libinit$$00000002)
    __rt_lib_init_heap_2                     0x080001b1   Thumb Code     0  libinit2.o(.ARM.Collect$$libinit$$00000005)
    __rt_lib_init_preinit_1                  0x080001b1   Thumb Code     0  libinit2.o(.ARM.Collect$$libinit$$00000004)
    __rt_lib_init_heap_1                     0x080001b9   Thumb Code     0  libinit2.o(.ARM.Collect$$libinit$$0000000A)
    __rt_lib_init_lc_common                  0x080001b9   Thumb Code     0  libinit2.o(.ARM.Collect$$libinit$$0000000F)
    __rt_lib_init_rand_1                     0x080001b9   Thumb Code     0  libinit2.o(.ARM.Collect$$libinit$$0000000E)
    __rt_lib_init_user_alloc_1               0x080001b9   Thumb Code     0  libinit2.o(.ARM.Collect$$libinit$$0000000C)
    __rt_lib_init_lc_collate_1               0x080001bf   Thumb Code     0  libinit2.o(.ARM.Collect$$libinit$$00000011)
    __rt_lib_init_lc_ctype_1                 0x080001bf   Thumb Code     0  libinit2.o(.ARM.Collect$$libinit$$00000013)
    __rt_lib_init_lc_monetary_1              0x080001bf   Thumb Code     0  libinit2.o(.ARM.Collect$$libinit$$00000015)
    __rt_lib_init_lc_numeric_2               0x080001bf   Thumb Code     0  libinit2.o(.ARM.Collect$$libinit$$00000016)
    __rt_lib_init_atexit_1                   0x080001c9   Thumb Code     0  libinit2.o(.ARM.Collect$$libinit$$0000001B)
    __rt_lib_init_clock_1                    0x080001c9   Thumb Code     0  libinit2.o(.ARM.Collect$$libinit$$00000021)
    __rt_lib_init_fp_trap_1                  0x080001c9   Thumb Code     0  libinit2.o(.ARM.Collect$$libinit$$0000001F)
    __rt_lib_init_getenv_1                   0x080001c9   Thumb Code     0  libinit2.o(.ARM.Collect$$libinit$$00000023)
    __rt_lib_init_lc_numeric_1               0x080001c9   Thumb Code     0  libinit2.o(.ARM.Collect$$libinit$$00000017)
    __rt_lib_init_lc_time_1                  0x080001c9   Thumb Code     0  libinit2.o(.ARM.Collect$$libinit$$00000019)
    __rt_lib_init_signal_1                   0x080001c9   Thumb Code     0  libinit2.o(.ARM.Collect$$libinit$$0000001D)
    __rt_lib_init_stdio_2                    0x080001c9   Thumb Code     0  libinit2.o(.ARM.Collect$$libinit$$00000024)
    __rt_lib_init_alloca_1                   0x080001cd   Thumb Code     0  libinit2.o(.ARM.Collect$$libinit$$0000002E)
    __rt_lib_init_argv_1                     0x080001cd   Thumb Code     0  libinit2.o(.ARM.Collect$$libinit$$0000002C)
    __rt_lib_init_cpp_1                      0x080001cd   Thumb Code     0  libinit2.o(.ARM.Collect$$libinit$$00000032)
    __rt_lib_init_exceptions_1               0x080001cd   Thumb Code     0  libinit2.o(.ARM.Collect$$libinit$$00000030)
    __rt_lib_init_return                     0x080001cd   Thumb Code     0  libinit2.o(.ARM.Collect$$libinit$$00000033)
    __rt_lib_init_stdio_1                    0x080001cd   Thumb Code     0  libinit2.o(.ARM.Collect$$libinit$$00000025)
    __rt_lib_shutdown                        0x080001cf   Thumb Code     0  libshutdown.o(.ARM.Collect$$libshutdown$$00000000)
    __rt_lib_shutdown_cpp_1                  0x080001d1   Thumb Code     0  libshutdown2.o(.ARM.Collect$$libshutdown$$00000002)
    __rt_lib_shutdown_stdio_2                0x080001d1   Thumb Code     0  libshutdown2.o(.ARM.Collect$$libshutdown$$00000003)
    __rt_lib_shutdown_fp_trap_1              0x080001d5   Thumb Code     0  libshutdown2.o(.ARM.Collect$$libshutdown$$00000007)
    __rt_lib_shutdown_heap_1                 0x080001d5   Thumb Code     0  libshutdown2.o(.ARM.Collect$$libshutdown$$0000000F)
    __rt_lib_shutdown_return                 0x080001d5   Thumb Code     0  libshutdown2.o(.ARM.Collect$$libshutdown$$00000010)
    __rt_lib_shutdown_signal_1               0x080001d5   Thumb Code     0  libshutdown2.o(.ARM.Collect$$libshutdown$$0000000A)
    __rt_lib_shutdown_stdio_1                0x080001d5   Thumb Code     0  libshutdown2.o(.ARM.Collect$$libshutdown$$00000004)
    __rt_lib_shutdown_user_alloc_1           0x080001d5   Thumb Code     0  libshutdown2.o(.ARM.Collect$$libshutdown$$0000000C)
    __rt_entry                               0x080001d7   Thumb Code     0  __rtentry.o(.ARM.Collect$$rtentry$$00000000)
    __rt_entry_presh_1                       0x080001d7   Thumb Code     0  __rtentry2.o(.ARM.Collect$$rtentry$$00000002)
    __rt_entry_sh                            0x080001d7   Thumb Code     0  __rtentry4.o(.ARM.Collect$$rtentry$$00000004)
    __rt_entry_li                            0x080001dd   Thumb Code     0  __rtentry2.o(.ARM.Collect$$rtentry$$0000000A)
    __rt_entry_postsh_1                      0x080001dd   Thumb Code     0  __rtentry2.o(.ARM.Collect$$rtentry$$00000009)
    __rt_entry_main                          0x080001e1   Thumb Code     0  __rtentry2.o(.ARM.Collect$$rtentry$$0000000D)
    __rt_entry_postli_1                      0x080001e1   Thumb Code     0  __rtentry2.o(.ARM.Collect$$rtentry$$0000000C)
    __rt_exit                                0x080001e9   Thumb Code     0  rtexit.o(.ARM.Collect$$rtexit$$00000000)
    __rt_exit_ls                             0x080001eb   Thumb Code     0  rtexit2.o(.ARM.Collect$$rtexit$$00000003)
    __rt_exit_prels_1                        0x080001eb   Thumb Code     0  rtexit2.o(.ARM.Collect$$rtexit$$00000002)
    __rt_exit_exit                           0x080001ef   Thumb Code     0  rtexit2.o(.ARM.Collect$$rtexit$$00000004)
    SVC_Handler                              0x080001f5   Thumb Code    32  port.o(.emb_text)
    __asm___6_port_c_39a90d8d__prvStartFirstTask 0x08000219   Thumb Code    28  port.o(.emb_text)
    PendSV_Handler                           0x08000239   Thumb Code    72  port.o(.emb_text)
    vPortGetIPSR                             0x08000285   Thumb Code     6  port.o(.emb_text)
    Reset_Handler                            0x0800028d   Thumb Code     8  startup_stm32f103xe.o(.text)
    _maybe_terminate_alloc                   0x0800028d   Thumb Code     0  maybetermalloc1.o(.emb_text)
    ADC1_2_IRQHandler                        0x080002a7   Thumb Code     0  startup_stm32f103xe.o(.text)
    ADC3_IRQHandler                          0x080002a7   Thumb Code     0  startup_stm32f103xe.o(.text)
    CAN1_RX1_IRQHandler                      0x080002a7   Thumb Code     0  startup_stm32f103xe.o(.text)
    CAN1_SCE_IRQHandler                      0x080002a7   Thumb Code     0  startup_stm32f103xe.o(.text)
    DMA1_Channel1_IRQHandler                 0x080002a7   Thumb Code     0  startup_stm32f103xe.o(.text)
    DMA1_Channel2_IRQHandler                 0x080002a7   Thumb Code     0  startup_stm32f103xe.o(.text)
    DMA1_Channel3_IRQHandler                 0x080002a7   Thumb Code     0  startup_stm32f103xe.o(.text)
    DMA1_Channel4_IRQHandler                 0x080002a7   Thumb Code     0  startup_stm32f103xe.o(.text)
    DMA1_Channel5_IRQHandler                 0x080002a7   Thumb Code     0  startup_stm32f103xe.o(.text)
    DMA1_Channel6_IRQHandler                 0x080002a7   Thumb Code     0  startup_stm32f103xe.o(.text)
    DMA1_Channel7_IRQHandler                 0x080002a7   Thumb Code     0  startup_stm32f103xe.o(.text)
    DMA2_Channel1_IRQHandler                 0x080002a7   Thumb Code     0  startup_stm32f103xe.o(.text)
    DMA2_Channel2_IRQHandler                 0x080002a7   Thumb Code     0  startup_stm32f103xe.o(.text)
    DMA2_Channel3_IRQHandler                 0x080002a7   Thumb Code     0  startup_stm32f103xe.o(.text)
    DMA2_Channel4_5_IRQHandler               0x080002a7   Thumb Code     0  startup_stm32f103xe.o(.text)
    EXTI0_IRQHandler                         0x080002a7   Thumb Code     0  startup_stm32f103xe.o(.text)
    EXTI15_10_IRQHandler                     0x080002a7   Thumb Code     0  startup_stm32f103xe.o(.text)
    EXTI1_IRQHandler                         0x080002a7   Thumb Code     0  startup_stm32f103xe.o(.text)
    EXTI2_IRQHandler                         0x080002a7   Thumb Code     0  startup_stm32f103xe.o(.text)
    EXTI3_IRQHandler                         0x080002a7   Thumb Code     0  startup_stm32f103xe.o(.text)
    EXTI4_IRQHandler                         0x080002a7   Thumb Code     0  startup_stm32f103xe.o(.text)
    EXTI9_5_IRQHandler                       0x080002a7   Thumb Code     0  startup_stm32f103xe.o(.text)
    FLASH_IRQHandler                         0x080002a7   Thumb Code     0  startup_stm32f103xe.o(.text)
    FSMC_IRQHandler                          0x080002a7   Thumb Code     0  startup_stm32f103xe.o(.text)
    I2C1_ER_IRQHandler                       0x080002a7   Thumb Code     0  startup_stm32f103xe.o(.text)
    I2C1_EV_IRQHandler                       0x080002a7   Thumb Code     0  startup_stm32f103xe.o(.text)
    I2C2_ER_IRQHandler                       0x080002a7   Thumb Code     0  startup_stm32f103xe.o(.text)
    I2C2_EV_IRQHandler                       0x080002a7   Thumb Code     0  startup_stm32f103xe.o(.text)
    PVD_IRQHandler                           0x080002a7   Thumb Code     0  startup_stm32f103xe.o(.text)
    RCC_IRQHandler                           0x080002a7   Thumb Code     0  startup_stm32f103xe.o(.text)
    RTC_Alarm_IRQHandler                     0x080002a7   Thumb Code     0  startup_stm32f103xe.o(.text)
    RTC_IRQHandler                           0x080002a7   Thumb Code     0  startup_stm32f103xe.o(.text)
    SDIO_IRQHandler                          0x080002a7   Thumb Code     0  startup_stm32f103xe.o(.text)
    SPI1_IRQHandler                          0x080002a7   Thumb Code     0  startup_stm32f103xe.o(.text)
    SPI2_IRQHandler                          0x080002a7   Thumb Code     0  startup_stm32f103xe.o(.text)
    SPI3_IRQHandler                          0x080002a7   Thumb Code     0  startup_stm32f103xe.o(.text)
    TAMPER_IRQHandler                        0x080002a7   Thumb Code     0  startup_stm32f103xe.o(.text)
    TIM1_BRK_IRQHandler                      0x080002a7   Thumb Code     0  startup_stm32f103xe.o(.text)
    TIM1_CC_IRQHandler                       0x080002a7   Thumb Code     0  startup_stm32f103xe.o(.text)
    TIM1_TRG_COM_IRQHandler                  0x080002a7   Thumb Code     0  startup_stm32f103xe.o(.text)
    TIM1_UP_IRQHandler                       0x080002a7   Thumb Code     0  startup_stm32f103xe.o(.text)
    TIM2_IRQHandler                          0x080002a7   Thumb Code     0  startup_stm32f103xe.o(.text)
    TIM3_IRQHandler                          0x080002a7   Thumb Code     0  startup_stm32f103xe.o(.text)
    TIM4_IRQHandler                          0x080002a7   Thumb Code     0  startup_stm32f103xe.o(.text)
    TIM5_IRQHandler                          0x080002a7   Thumb Code     0  startup_stm32f103xe.o(.text)
    TIM6_IRQHandler                          0x080002a7   Thumb Code     0  startup_stm32f103xe.o(.text)
    TIM7_IRQHandler                          0x080002a7   Thumb Code     0  startup_stm32f103xe.o(.text)
    TIM8_BRK_IRQHandler                      0x080002a7   Thumb Code     0  startup_stm32f103xe.o(.text)
    TIM8_CC_IRQHandler                       0x080002a7   Thumb Code     0  startup_stm32f103xe.o(.text)
    TIM8_TRG_COM_IRQHandler                  0x080002a7   Thumb Code     0  startup_stm32f103xe.o(.text)
    UART4_IRQHandler                         0x080002a7   Thumb Code     0  startup_stm32f103xe.o(.text)
    UART5_IRQHandler                         0x080002a7   Thumb Code     0  startup_stm32f103xe.o(.text)
    USART1_IRQHandler                        0x080002a7   Thumb Code     0  startup_stm32f103xe.o(.text)
    USART2_IRQHandler                        0x080002a7   Thumb Code     0  startup_stm32f103xe.o(.text)
    USART3_IRQHandler                        0x080002a7   Thumb Code     0  startup_stm32f103xe.o(.text)
    USBWakeUp_IRQHandler                     0x080002a7   Thumb Code     0  startup_stm32f103xe.o(.text)
    USB_HP_CAN1_TX_IRQHandler                0x080002a7   Thumb Code     0  startup_stm32f103xe.o(.text)
    USB_LP_CAN1_RX0_IRQHandler               0x080002a7   Thumb Code     0  startup_stm32f103xe.o(.text)
    WWDG_IRQHandler                          0x080002a7   Thumb Code     0  startup_stm32f103xe.o(.text)
    __user_initial_stackheap                 0x080002a9   Thumb Code     0  startup_stm32f103xe.o(.text)
    malloc                                   0x080002cd   Thumb Code    94  h1_alloc.o(.text)
    free                                     0x0800032b   Thumb Code    78  h1_free.o(.text)
    __2printf                                0x08000379   Thumb Code    20  noretval__2printf.o(.text)
    __printf                                 0x08000391   Thumb Code   104  __printf.o(.text)
    __aeabi_memcpy                           0x080003f9   Thumb Code     0  rt_memcpy_v6.o(.text)
    __rt_memcpy                              0x080003f9   Thumb Code   138  rt_memcpy_v6.o(.text)
    _memcpy_lastbytes                        0x0800045f   Thumb Code     0  rt_memcpy_v6.o(.text)
    __aeabi_memset                           0x08000483   Thumb Code    16  aeabi_memset.o(.text)
    __aeabi_memclr                           0x08000493   Thumb Code     0  rt_memclr.o(.text)
    __rt_memclr                              0x08000493   Thumb Code    68  rt_memclr.o(.text)
    _memset                                  0x08000497   Thumb Code     0  rt_memclr.o(.text)
    __aeabi_memclr4                          0x080004d7   Thumb Code     0  rt_memclr_w.o(.text)
    __aeabi_memclr8                          0x080004d7   Thumb Code     0  rt_memclr_w.o(.text)
    __rt_memclr_w                            0x080004d7   Thumb Code    78  rt_memclr_w.o(.text)
    _memset_w                                0x080004db   Thumb Code     0  rt_memclr_w.o(.text)
    __use_two_region_memory                  0x08000525   Thumb Code     2  heapauxi.o(.text)
    __rt_heap_escrow                         0x08000527   Thumb Code     2  heapauxi.o(.text)
    __rt_heap_expand                         0x08000529   Thumb Code     2  heapauxi.o(.text)
    __rt_heap_descriptor                     0x0800052d   Thumb Code     8  rt_heap_descriptor_intlibspace.o(.text)
    __use_no_heap                            0x08000535   Thumb Code     2  hguard.o(.text)
    __heap$guard                             0x08000537   Thumb Code     2  hguard.o(.text)
    _terminate_user_alloc                    0x08000539   Thumb Code     2  init_alloc.o(.text)
    _init_user_alloc                         0x0800053b   Thumb Code     2  init_alloc.o(.text)
    __Heap_Full                              0x0800053d   Thumb Code    34  init_alloc.o(.text)
    __Heap_Broken                            0x0800055f   Thumb Code     6  init_alloc.o(.text)
    _init_alloc                              0x08000565   Thumb Code    94  init_alloc.o(.text)
    __Heap_Initialize                        0x080005c3   Thumb Code    10  h1_init.o(.text)
    __Heap_DescSize                          0x080005cd   Thumb Code     4  h1_init.o(.text)
    __lib_sel_fp_printf                      0x080005d1   Thumb Code     2  _printf_fp_dec.o(.text)
    _printf_fp_dec_real                      0x08000783   Thumb Code   620  _printf_fp_dec.o(.text)
    _printf_char_file                        0x080009f1   Thumb Code    32  _printf_char_file.o(.text)
    __aeabi_memcpy4                          0x08000a15   Thumb Code     0  rt_memcpy_w.o(.text)
    __aeabi_memcpy8                          0x08000a15   Thumb Code     0  rt_memcpy_w.o(.text)
    __rt_memcpy_w                            0x08000a15   Thumb Code   100  rt_memcpy_w.o(.text)
    _memcpy_lastbytes_aligned                0x08000a5d   Thumb Code     0  rt_memcpy_w.o(.text)
    __user_libspace                          0x08000a79   Thumb Code     8  libspace.o(.text)
    __user_perproc_libspace                  0x08000a79   Thumb Code     0  libspace.o(.text)
    __user_perthread_libspace                0x08000a79   Thumb Code     0  libspace.o(.text)
    __rt_locale                              0x08000a81   Thumb Code     8  rt_locale_intlibspace.o(.text)
    __Heap_ProvideMemory                     0x08000a89   Thumb Code    52  h1_extend.o(.text)
    _ll_udiv10                               0x08000abd   Thumb Code   138  lludiv10.o(.text)
    _printf_char_common                      0x08000b53   Thumb Code    32  _printf_char_common.o(.text)
    _printf_fp_infnan                        0x08000b79   Thumb Code   112  _printf_fp_infnan.o(.text)
    _btod_etento                             0x08000bf9   Thumb Code   224  bigflt0.o(.text)
    ferror                                   0x08000cdd   Thumb Code     8  ferror.o(.text)
    _initio                                  0x08000ce5   Thumb Code   210  initio.o(.text)
    _terminateio                             0x08000db7   Thumb Code    56  initio.o(.text)
    __rt_SIGRTMEM                            0x08000e1d   Thumb Code    14  defsig_rtmem_outer.o(.text)
    _sys_open                                0x08000e2b   Thumb Code    20  sys_io.o(.text)
    _sys_close                               0x08000e3f   Thumb Code    12  sys_io.o(.text)
    _sys_write                               0x08000e4b   Thumb Code    16  sys_io.o(.text)
    _sys_read                                0x08000e5b   Thumb Code    14  sys_io.o(.text)
    _sys_istty                               0x08000e69   Thumb Code    12  sys_io.o(.text)
    _sys_seek                                0x08000e75   Thumb Code    14  sys_io.o(.text)
    _sys_ensure                              0x08000e83   Thumb Code     2  sys_io.o(.text)
    _sys_flen                                0x08000e85   Thumb Code    12  sys_io.o(.text)
    __I$use$semihosting                      0x08000e91   Thumb Code     0  use_no_semi.o(.text)
    __use_no_semihosting_swi                 0x08000e91   Thumb Code     2  use_no_semi.o(.text)
    __semihosting_library_function           0x08000e93   Thumb Code     0  indicate_semi.o(.text)
    __user_setup_stackheap                   0x08000e93   Thumb Code    74  sys_stackheap_outer.o(.text)
    __flsbuf                                 0x08000edd   Thumb Code   470  flsbuf.o(.text)
    __flsbuf_byte                            0x08000edd   Thumb Code     0  flsbuf.o(.text)
    __flsbuf_wide                            0x08000edd   Thumb Code     0  flsbuf.o(.text)
    setvbuf                                  0x080010b3   Thumb Code    70  setvbuf.o(.text)
    freopen                                  0x080010f9   Thumb Code   158  fopen.o(.text)
    fopen                                    0x08001197   Thumb Code    74  fopen.o(.text)
    _fclose_internal                         0x080011e5   Thumb Code    76  fclose.o(.text)
    fclose                                   0x080011e5   Thumb Code     0  fclose.o(.text)
    exit                                     0x08001231   Thumb Code    18  exit.o(.text)
    __sig_exit                               0x08001243   Thumb Code    10  defsig_exit.o(.text)
    __rt_SIGRTRED                            0x0800124d   Thumb Code    14  defsig_rtred_outer.o(.text)
    __rt_SIGRTMEM_inner                      0x0800125d   Thumb Code    22  defsig_rtmem_inner.o(.text)
    strcmp                                   0x080012ad   Thumb Code   128  strcmpv7m.o(.text)
    _sys_exit                                0x0800132d   Thumb Code     8  sys_exit.o(.text)
    _fseek                                   0x08001339   Thumb Code   242  fseek.o(.text)
    fseek                                    0x08001339   Thumb Code     0  fseek.o(.text)
    _seterr                                  0x08001431   Thumb Code    20  stdio.o(.text)
    _writebuf                                0x08001445   Thumb Code    84  stdio.o(.text)
    _fflush                                  0x08001499   Thumb Code    70  stdio.o(.text)
    _deferredlazyseek                        0x080014df   Thumb Code    60  stdio.o(.text)
    __default_signal_display                 0x08001521   Thumb Code    50  defsig_general.o(.text)
    __rt_SIGRTRED_inner                      0x08001555   Thumb Code    14  defsig_rtred_inner.o(.text)
    strlen                                   0x08001589   Thumb Code    62  strlen.o(.text)
    _ttywrch                                 0x080015c7   Thumb Code    14  sys_wrch.o(.text)
    _ftell_internal                          0x080015d5   Thumb Code    66  ftell.o(.text)
    ftell                                    0x080015d5   Thumb Code     0  ftell.o(.text)
    __aeabi_errno_addr                       0x08001619   Thumb Code     8  rt_errno_addr_intlibspace.o(.text)
    __errno$intlibspace                      0x08001619   Thumb Code     0  rt_errno_addr_intlibspace.o(.text)
    __rt_errno_addr$intlibspace              0x08001619   Thumb Code     0  rt_errno_addr_intlibspace.o(.text)
    _btod_d2e                                0x08001621   Thumb Code    62  btod.o(CL$$btod_d2e)
    _d2e_denorm_low                          0x0800165f   Thumb Code    70  btod.o(CL$$btod_d2e_denorm_low)
    _d2e_norm_op1                            0x080016a5   Thumb Code    96  btod.o(CL$$btod_d2e_norm_op1)
    __btod_div_common                        0x08001705   Thumb Code   696  btod.o(CL$$btod_div_common)
    _e2e                                     0x08001a3d   Thumb Code   220  btod.o(CL$$btod_e2e)
    _btod_ediv                               0x08001b19   Thumb Code    42  btod.o(CL$$btod_ediv)
    _btod_emul                               0x08001b43   Thumb Code    42  btod.o(CL$$btod_emul)
    __btod_mult_common                       0x08001b6d   Thumb Code   580  btod.o(CL$$btod_mult_common)
    ADC1_GetVoltage                          0x08001db1   Thumb Code    72  drv_adc.o(i.ADC1_GetVoltage)
    ADC1_Init                                0x08001e09   Thumb Code    86  drv_adc.o(i.ADC1_Init)
    ADC_ConversionStop_Disable               0x08001e9d   Thumb Code    92  stm32f1xx_hal_adc.o(i.ADC_ConversionStop_Disable)
    ADC_Enable                               0x08001ef9   Thumb Code   134  stm32f1xx_hal_adc.o(i.ADC_Enable)
    BusFault_Handler                         0x08001f89   Thumb Code     4  stm32f1xx_it.o(i.BusFault_Handler)
    DebugMon_Handler                         0x08001f8d   Thumb Code     2  stm32f1xx_it.o(i.DebugMon_Handler)
    GPIO_12vPower_Init                       0x08001f91   Thumb Code    70  drv_gpio.o(i.GPIO_12vPower_Init)
    GPIO_3v3Power_Init                       0x08001fe1   Thumb Code    68  drv_gpio.o(i.GPIO_3v3Power_Init)
    GPIO_4GModule_RS485_StatusLED_Init       0x0800202d   Thumb Code    70  drv_gpio.o(i.GPIO_4GModule_RS485_StatusLED_Init)
    GPIO_4GModule_StatusLED_Ctrl             0x0800207d   Thumb Code    16  drv_gpio.o(i.GPIO_4GModule_StatusLED_Ctrl)
    GPIO_RS485_StatusLED_Ctrl                0x08002091   Thumb Code    16  drv_gpio.o(i.GPIO_RS485_StatusLED_Ctrl)
    HAL_ADC_ConfigChannel                    0x080020a5   Thumb Code   338  stm32f1xx_hal_adc.o(i.HAL_ADC_ConfigChannel)
    HAL_ADC_GetValue                         0x08002205   Thumb Code     8  stm32f1xx_hal_adc.o(i.HAL_ADC_GetValue)
    HAL_ADC_Init                             0x0800220d   Thumb Code   340  stm32f1xx_hal_adc.o(i.HAL_ADC_Init)
    HAL_ADC_MspInit                          0x0800236d   Thumb Code    98  drv_adc.o(i.HAL_ADC_MspInit)
    HAL_ADC_PollForConversion                0x080023dd   Thumb Code   366  stm32f1xx_hal_adc.o(i.HAL_ADC_PollForConversion)
    HAL_ADC_Start                            0x0800255d   Thumb Code   294  stm32f1xx_hal_adc.o(i.HAL_ADC_Start)
    HAL_GPIO_Init                            0x0800268d   Thumb Code   792  stm32f1xx_hal_gpio.o(i.HAL_GPIO_Init)
    HAL_GPIO_WritePin                        0x080029cd   Thumb Code    12  stm32f1xx_hal_gpio.o(i.HAL_GPIO_WritePin)
    HAL_GetTick                              0x080029d9   Thumb Code     6  stm32f1xx_hal.o(i.HAL_GetTick)
    HAL_IncTick                              0x080029e5   Thumb Code    16  stm32f1xx_hal.o(i.HAL_IncTick)
    HAL_Init                                 0x080029fd   Thumb Code    34  stm32f1xx_hal.o(i.HAL_Init)
    HAL_InitTick                             0x08002a25   Thumb Code   138  stm32f1xx_hal_timebase_tim.o(i.HAL_InitTick)
    HAL_MspInit                              0x08002ac5   Thumb Code     2  stm32f1xx_hal.o(i.HAL_MspInit)
    HAL_NVIC_EnableIRQ                       0x08002ac7   Thumb Code    32  stm32f1xx_hal_cortex.o(i.HAL_NVIC_EnableIRQ)
    HAL_NVIC_SetPriority                     0x08002ae7   Thumb Code   124  stm32f1xx_hal_cortex.o(i.HAL_NVIC_SetPriority)
    HAL_NVIC_SetPriorityGrouping             0x08002b65   Thumb Code    32  stm32f1xx_hal_cortex.o(i.HAL_NVIC_SetPriorityGrouping)
    HAL_RCCEx_GetPeriphCLKFreq               0x08002b8d   Thumb Code   260  stm32f1xx_hal_rcc_ex.o(i.HAL_RCCEx_GetPeriphCLKFreq)
    HAL_RCC_GetClockConfig                   0x08002ca5   Thumb Code    58  stm32f1xx_hal_rcc.o(i.HAL_RCC_GetClockConfig)
    HAL_RCC_GetHCLKFreq                      0x08002ce9   Thumb Code     6  stm32f1xx_hal_rcc.o(i.HAL_RCC_GetHCLKFreq)
    HAL_RCC_GetPCLK2Freq                     0x08002cf5   Thumb Code    22  stm32f1xx_hal_rcc.o(i.HAL_RCC_GetPCLK2Freq)
    HAL_RCC_GetSysClockFreq                  0x08002d15   Thumb Code    92  stm32f1xx_hal_rcc.o(i.HAL_RCC_GetSysClockFreq)
    HAL_TIMEx_BreakCallback                  0x08002d85   Thumb Code     2  stm32f1xx_hal_tim_ex.o(i.HAL_TIMEx_BreakCallback)
    HAL_TIMEx_CommutCallback                 0x08002d87   Thumb Code     2  stm32f1xx_hal_tim_ex.o(i.HAL_TIMEx_CommutCallback)
    HAL_TIM_Base_Init                        0x08002d89   Thumb Code   102  stm32f1xx_hal_tim.o(i.HAL_TIM_Base_Init)
    HAL_TIM_Base_MspInit                     0x08002def   Thumb Code     2  stm32f1xx_hal_tim.o(i.HAL_TIM_Base_MspInit)
    HAL_TIM_Base_Start_IT                    0x08002df1   Thumb Code   122  stm32f1xx_hal_tim.o(i.HAL_TIM_Base_Start_IT)
    HAL_TIM_IC_CaptureCallback               0x08002e81   Thumb Code     2  stm32f1xx_hal_tim.o(i.HAL_TIM_IC_CaptureCallback)
    HAL_TIM_IRQHandler                       0x08002e83   Thumb Code   364  stm32f1xx_hal_tim.o(i.HAL_TIM_IRQHandler)
    HAL_TIM_OC_DelayElapsedCallback          0x08002fef   Thumb Code     2  stm32f1xx_hal_tim.o(i.HAL_TIM_OC_DelayElapsedCallback)
    HAL_TIM_PWM_PulseFinishedCallback        0x08002ff1   Thumb Code     2  stm32f1xx_hal_tim.o(i.HAL_TIM_PWM_PulseFinishedCallback)
    HAL_TIM_PeriodElapsedCallback            0x08002ff5   Thumb Code    18  main.o(i.HAL_TIM_PeriodElapsedCallback)
    HAL_TIM_TriggerCallback                  0x0800300d   Thumb Code     2  stm32f1xx_hal_tim.o(i.HAL_TIM_TriggerCallback)
    HardFault_Handler                        0x0800300f   Thumb Code     4  stm32f1xx_it.o(i.HardFault_Handler)
    MemManage_Handler                        0x08003013   Thumb Code     4  stm32f1xx_it.o(i.MemManage_Handler)
    NMI_Handler                              0x08003017   Thumb Code     4  stm32f1xx_it.o(i.NMI_Handler)
    SysTick_Handler                          0x0800301d   Thumb Code    46  port.o(i.SysTick_Handler)
    SystemInit                               0x08003051   Thumb Code     2  system_stm32f1xx.o(i.SystemInit)
    TIM8_UP_IRQHandler                       0x08003055   Thumb Code    10  stm32f1xx_it.o(i.TIM8_UP_IRQHandler)
    TIM_Base_SetConfig                       0x08003065   Thumb Code   150  stm32f1xx_hal_tim.o(i.TIM_Base_SetConfig)
    UsageFault_Handler                       0x08003111   Thumb Code     4  stm32f1xx_it.o(i.UsageFault_Handler)
    __ARM_fpclassify                         0x08003115   Thumb Code    40  fpclassify.o(i.__ARM_fpclassify)
    fputc                                    0x08003175   Thumb Code    26  fputc.o(i.fputc)
    main                                     0x08003191   Thumb Code    50  main.o(i.main)
    pvPortMalloc                             0x08003ba9   Thumb Code   306  heap_4.o(i.pvPortMalloc)
    pxPortInitialiseStack                    0x08003cf5   Thumb Code    30  port.o(i.pxPortInitialiseStack)
    test                                     0x08003d19   Thumb Code    60  main.o(i.test)
    uxListRemove                             0x08003d69   Thumb Code    40  list.o(i.uxListRemove)
    vListInitialise                          0x08003d91   Thumb Code    26  list.o(i.vListInitialise)
    vListInitialiseItem                      0x08003dab   Thumb Code     6  list.o(i.vListInitialiseItem)
    vListInsert                              0x08003db1   Thumb Code    52  list.o(i.vListInsert)
    vListInsertEnd                           0x08003de5   Thumb Code    24  list.o(i.vListInsertEnd)
    vPortEnterCritical                       0x08003dfd   Thumb Code    76  port.o(i.vPortEnterCritical)
    vPortExitCritical                        0x08003e51   Thumb Code    56  port.o(i.vPortExitCritical)
    vPortFree                                0x08003e8d   Thumb Code   150  heap_4.o(i.vPortFree)
    vPortSetupTimerInterrupt                 0x08003f31   Thumb Code    36  port.o(i.vPortSetupTimerInterrupt)
    vPortValidateInterruptPriority           0x08003f59   Thumb Code   106  port.o(i.vPortValidateInterruptPriority)
    vQueueAddToRegistry                      0x08003fd1   Thumb Code    38  queue.o(i.vQueueAddToRegistry)
    vQueueWaitForMessageRestricted           0x08003ffd   Thumb Code    74  queue.o(i.vQueueWaitForMessageRestricted)
    vTaskDelay                               0x08004049   Thumb Code    82  tasks.o(i.vTaskDelay)
    vTaskInternalSetTimeOutState             0x080040a5   Thumb Code    14  tasks.o(i.vTaskInternalSetTimeOutState)
    vTaskMissedYield                         0x080040bd   Thumb Code     8  tasks.o(i.vTaskMissedYield)
    vTaskPlaceOnEventList                    0x080040c9   Thumb Code    52  tasks.o(i.vTaskPlaceOnEventList)
    vTaskPlaceOnEventListRestricted          0x08004101   Thumb Code    60  tasks.o(i.vTaskPlaceOnEventListRestricted)
    vTaskStartScheduler                      0x08004141   Thumb Code   118  tasks.o(i.vTaskStartScheduler)
    vTaskSuspendAll                          0x080041d5   Thumb Code    12  tasks.o(i.vTaskSuspendAll)
    vTaskSwitchContext                       0x080041e5   Thumb Code   122  tasks.o(i.vTaskSwitchContext)
    xPortStartScheduler                      0x08004275   Thumb Code   228  port.o(i.xPortStartScheduler)
    xQueueGenericCreate                      0x0800436d   Thumb Code    84  queue.o(i.xQueueGenericCreate)
    xQueueGenericReset                       0x080043c1   Thumb Code   146  queue.o(i.xQueueGenericReset)
    xQueueGenericSend                        0x08004459   Thumb Code   420  queue.o(i.xQueueGenericSend)
    xQueueGenericSendFromISR                 0x08004601   Thumb Code   252  queue.o(i.xQueueGenericSendFromISR)
    xQueueReceive                            0x080046fd   Thumb Code   356  queue.o(i.xQueueReceive)
    xTaskCheckForTimeOut                     0x08004865   Thumb Code   132  tasks.o(i.xTaskCheckForTimeOut)
    xTaskCreate                              0x080048f1   Thumb Code    96  tasks.o(i.xTaskCreate)
    xTaskGetSchedulerState                   0x08004951   Thumb Code    24  tasks.o(i.xTaskGetSchedulerState)
    xTaskGetTickCount                        0x08004971   Thumb Code     6  tasks.o(i.xTaskGetTickCount)
    xTaskIncrementTick                       0x0800497d   Thumb Code   280  tasks.o(i.xTaskIncrementTick)
    xTaskPriorityDisinherit                  0x08004ac1   Thumb Code   152  tasks.o(i.xTaskPriorityDisinherit)
    xTaskRemoveFromEventList                 0x08004b65   Thumb Code   126  tasks.o(i.xTaskRemoveFromEventList)
    xTaskResumeAll                           0x08004bfd   Thumb Code   222  tasks.o(i.xTaskResumeAll)
    xTimerCreateTimerTask                    0x08004d01   Thumb Code    64  timers.o(i.xTimerCreateTimerTask)
    xTimerGenericCommand                     0x08004d55   Thumb Code   128  timers.o(i.xTimerGenericCommand)
    _get_lc_numeric                          0x08004dd9   Thumb Code    44  lc_numeric_c.o(locale$$code)
    __aeabi_d2f                              0x08004e05   Thumb Code     0  d2f.o(x$fpl$d2f)
    _d2f                                     0x08004e05   Thumb Code    98  d2f.o(x$fpl$d2f)
    __aeabi_ddiv                             0x08004e69   Thumb Code     0  ddiv.o(x$fpl$ddiv)
    _ddiv                                    0x08004e69   Thumb Code   552  ddiv.o(x$fpl$ddiv)
    __aeabi_ui2d                             0x08005119   Thumb Code     0  dflt_clz.o(x$fpl$dfltu)
    _dfltu                                   0x08005119   Thumb Code    38  dflt_clz.o(x$fpl$dfltu)
    __aeabi_dmul                             0x08005141   Thumb Code     0  dmul.o(x$fpl$dmul)
    _dmul                                    0x08005141   Thumb Code   332  dmul.o(x$fpl$dmul)
    __fpl_dnaninf                            0x08005295   Thumb Code   156  dnaninf.o(x$fpl$dnaninf)
    __fpl_dretinf                            0x08005331   Thumb Code    12  dretinf.o(x$fpl$dretinf)
    __aeabi_f2d                              0x0800533d   Thumb Code     0  f2d.o(x$fpl$f2d)
    _f2d                                     0x0800533d   Thumb Code    86  f2d.o(x$fpl$f2d)
    __fpl_fnaninf                            0x08005393   Thumb Code   140  fnaninf.o(x$fpl$fnaninf)
    __fpl_fretinf                            0x0800541f   Thumb Code    10  fretinf.o(x$fpl$fretinf)
    _printf_fp_dec                           0x08005429   Thumb Code     4  printf1.o(x$fpl$printf1)
    AHBPrescTable                            0x0800542c   Data          16  system_stm32f1xx.o(.constdata)
    __I$use$fp                               0x0800542c   Number         0  usenofp.o(x$fpl$usenofp)
    APBPrescTable                            0x0800543c   Data           8  system_stm32f1xx.o(.constdata)
    __stdin_name                             0x080054fc   Data           4  sys_io.o(.constdata)
    __stdout_name                            0x08005500   Data           4  sys_io.o(.constdata)
    __stderr_name                            0x08005504   Data           4  sys_io.o(.constdata)
    Region$$Table$$Base                      0x08005508   Number         0  anon$$obj.o(Region$$Table)
    Region$$Table$$Limit                     0x08005528   Number         0  anon$$obj.o(Region$$Table)
    pxCurrentTCB                             0x20000004   Data           4  tasks.o(.data)
    SystemCoreClock                          0x20000080   Data           4  system_stm32f1xx.o(.data)
    uwTick                                   0x20000084   Data           4  stm32f1xx_hal.o(.data)
    uwTickPrio                               0x20000088   Data           4  stm32f1xx_hal.o(.data)
    uwTickFreq                               0x2000008c   Data           1  stm32f1xx_hal.o(.data)
    __aeabi_stdin                            0x20000090   Data           4  stdio_streams.o(.data)
    __aeabi_stdout                           0x20000094   Data           4  stdio_streams.o(.data)
    __aeabi_stderr                           0x20000098   Data           4  stdio_streams.o(.data)
    xQueueRegistry                           0x2000009c   Data          64  queue.o(.bss)
    htim8                                    0x200011c8   Data          72  stm32f1xx_hal_timebase_tim.o(.bss)
    hadc1                                    0x20001210   Data          48  drv_adc.o(.bss)
    __stdin                                  0x20001240   Data          84  stdio_streams.o(.bss)
    __stdout                                 0x20001294   Data          84  stdio_streams.o(.bss)
    __stderr                                 0x200012e8   Data          84  stdio_streams.o(.bss)
    __libspace_start                         0x2000133c   Data          96  libspace.o(.bss)
    __temporary_stack_top$libspace           0x2000139c   Data           0  libspace.o(.bss)



==============================================================================

Memory Map of the image

  Image Entry point : 0x08000131

  Load Region LR_IROM1 (Base: 0x08000000, Size: 0x000055e0, Max: 0x00080000, ABSOLUTE)

    Execution Region ER_IROM1 (Exec base: 0x08000000, Load base: 0x08000000, Size: 0x00005544, Max: 0x00080000, ABSOLUTE)

    Exec Addr    Load Addr    Size         Type   Attr      Idx    E Section Name        Object

    0x08000000   0x08000000   0x00000130   Data   RO         5495    RESET               startup_stm32f103xe.o
    0x08000130   0x08000130   0x00000008   Code   RO         5606  * !!!main             c_w.l(__main.o)
    0x08000138   0x08000138   0x00000034   Code   RO         5961    !!!scatter          c_w.l(__scatter.o)
    0x0800016c   0x0800016c   0x0000001a   Code   RO         5963    !!handler_copy      c_w.l(__scatter_copy.o)
    0x08000186   0x08000186   0x00000002   PAD
    0x08000188   0x08000188   0x0000001c   Code   RO         5965    !!handler_zi        c_w.l(__scatter_zi.o)
    0x080001a4   0x080001a4   0x00000000   Code   RO         5593    .ARM.Collect$$_printf_percent$$00000000  c_w.l(_printf_percent.o)
    0x080001a4   0x080001a4   0x00000006   Code   RO         5592    .ARM.Collect$$_printf_percent$$00000003  c_w.l(_printf_f.o)
    0x080001aa   0x080001aa   0x00000004   Code   RO         5658    .ARM.Collect$$_printf_percent$$00000017  c_w.l(_printf_percent_end.o)
    0x080001ae   0x080001ae   0x00000002   Code   RO         5869    .ARM.Collect$$libinit$$00000000  c_w.l(libinit.o)
    0x080001b0   0x080001b0   0x00000000   Code   RO         5670    .ARM.Collect$$libinit$$00000002  c_w.l(libinit2.o)
    0x080001b0   0x080001b0   0x00000000   Code   RO         5672    .ARM.Collect$$libinit$$00000004  c_w.l(libinit2.o)
    0x080001b0   0x080001b0   0x00000008   Code   RO         5673    .ARM.Collect$$libinit$$00000005  c_w.l(libinit2.o)
    0x080001b8   0x080001b8   0x00000000   Code   RO         5675    .ARM.Collect$$libinit$$0000000A  c_w.l(libinit2.o)
    0x080001b8   0x080001b8   0x00000000   Code   RO         5677    .ARM.Collect$$libinit$$0000000C  c_w.l(libinit2.o)
    0x080001b8   0x080001b8   0x00000000   Code   RO         5679    .ARM.Collect$$libinit$$0000000E  c_w.l(libinit2.o)
    0x080001b8   0x080001b8   0x00000006   Code   RO         5680    .ARM.Collect$$libinit$$0000000F  c_w.l(libinit2.o)
    0x080001be   0x080001be   0x00000000   Code   RO         5682    .ARM.Collect$$libinit$$00000011  c_w.l(libinit2.o)
    0x080001be   0x080001be   0x00000000   Code   RO         5684    .ARM.Collect$$libinit$$00000013  c_w.l(libinit2.o)
    0x080001be   0x080001be   0x00000000   Code   RO         5686    .ARM.Collect$$libinit$$00000015  c_w.l(libinit2.o)
    0x080001be   0x080001be   0x0000000a   Code   RO         5687    .ARM.Collect$$libinit$$00000016  c_w.l(libinit2.o)
    0x080001c8   0x080001c8   0x00000000   Code   RO         5688    .ARM.Collect$$libinit$$00000017  c_w.l(libinit2.o)
    0x080001c8   0x080001c8   0x00000000   Code   RO         5690    .ARM.Collect$$libinit$$00000019  c_w.l(libinit2.o)
    0x080001c8   0x080001c8   0x00000000   Code   RO         5692    .ARM.Collect$$libinit$$0000001B  c_w.l(libinit2.o)
    0x080001c8   0x080001c8   0x00000000   Code   RO         5694    .ARM.Collect$$libinit$$0000001D  c_w.l(libinit2.o)
    0x080001c8   0x080001c8   0x00000000   Code   RO         5696    .ARM.Collect$$libinit$$0000001F  c_w.l(libinit2.o)
    0x080001c8   0x080001c8   0x00000000   Code   RO         5698    .ARM.Collect$$libinit$$00000021  c_w.l(libinit2.o)
    0x080001c8   0x080001c8   0x00000000   Code   RO         5700    .ARM.Collect$$libinit$$00000023  c_w.l(libinit2.o)
    0x080001c8   0x080001c8   0x00000004   Code   RO         5701    .ARM.Collect$$libinit$$00000024  c_w.l(libinit2.o)
    0x080001cc   0x080001cc   0x00000000   Code   RO         5702    .ARM.Collect$$libinit$$00000025  c_w.l(libinit2.o)
    0x080001cc   0x080001cc   0x00000000   Code   RO         5706    .ARM.Collect$$libinit$$0000002C  c_w.l(libinit2.o)
    0x080001cc   0x080001cc   0x00000000   Code   RO         5708    .ARM.Collect$$libinit$$0000002E  c_w.l(libinit2.o)
    0x080001cc   0x080001cc   0x00000000   Code   RO         5710    .ARM.Collect$$libinit$$00000030  c_w.l(libinit2.o)
    0x080001cc   0x080001cc   0x00000000   Code   RO         5712    .ARM.Collect$$libinit$$00000032  c_w.l(libinit2.o)
    0x080001cc   0x080001cc   0x00000002   Code   RO         5713    .ARM.Collect$$libinit$$00000033  c_w.l(libinit2.o)
    0x080001ce   0x080001ce   0x00000002   Code   RO         5958    .ARM.Collect$$libshutdown$$00000000  c_w.l(libshutdown.o)
    0x080001d0   0x080001d0   0x00000000   Code   RO         5871    .ARM.Collect$$libshutdown$$00000002  c_w.l(libshutdown2.o)
    0x080001d0   0x080001d0   0x00000004   Code   RO         5872    .ARM.Collect$$libshutdown$$00000003  c_w.l(libshutdown2.o)
    0x080001d4   0x080001d4   0x00000000   Code   RO         5873    .ARM.Collect$$libshutdown$$00000004  c_w.l(libshutdown2.o)
    0x080001d4   0x080001d4   0x00000000   Code   RO         5876    .ARM.Collect$$libshutdown$$00000007  c_w.l(libshutdown2.o)
    0x080001d4   0x080001d4   0x00000000   Code   RO         5879    .ARM.Collect$$libshutdown$$0000000A  c_w.l(libshutdown2.o)
    0x080001d4   0x080001d4   0x00000000   Code   RO         5881    .ARM.Collect$$libshutdown$$0000000C  c_w.l(libshutdown2.o)
    0x080001d4   0x080001d4   0x00000000   Code   RO         5884    .ARM.Collect$$libshutdown$$0000000F  c_w.l(libshutdown2.o)
    0x080001d4   0x080001d4   0x00000002   Code   RO         5885    .ARM.Collect$$libshutdown$$00000010  c_w.l(libshutdown2.o)
    0x080001d6   0x080001d6   0x00000000   Code   RO         5628    .ARM.Collect$$rtentry$$00000000  c_w.l(__rtentry.o)
    0x080001d6   0x080001d6   0x00000000   Code   RO         5729    .ARM.Collect$$rtentry$$00000002  c_w.l(__rtentry2.o)
    0x080001d6   0x080001d6   0x00000006   Code   RO         5741    .ARM.Collect$$rtentry$$00000004  c_w.l(__rtentry4.o)
    0x080001dc   0x080001dc   0x00000000   Code   RO         5731    .ARM.Collect$$rtentry$$00000009  c_w.l(__rtentry2.o)
    0x080001dc   0x080001dc   0x00000004   Code   RO         5732    .ARM.Collect$$rtentry$$0000000A  c_w.l(__rtentry2.o)
    0x080001e0   0x080001e0   0x00000000   Code   RO         5734    .ARM.Collect$$rtentry$$0000000C  c_w.l(__rtentry2.o)
    0x080001e0   0x080001e0   0x00000008   Code   RO         5735    .ARM.Collect$$rtentry$$0000000D  c_w.l(__rtentry2.o)
    0x080001e8   0x080001e8   0x00000002   Code   RO         5890    .ARM.Collect$$rtexit$$00000000  c_w.l(rtexit.o)
    0x080001ea   0x080001ea   0x00000000   Code   RO         5919    .ARM.Collect$$rtexit$$00000002  c_w.l(rtexit2.o)
    0x080001ea   0x080001ea   0x00000004   Code   RO         5920    .ARM.Collect$$rtexit$$00000003  c_w.l(rtexit2.o)
    0x080001ee   0x080001ee   0x00000006   Code   RO         5921    .ARM.Collect$$rtexit$$00000004  c_w.l(rtexit2.o)
    0x080001f4   0x080001f4   0x00000096   Code   RO         1458    .emb_text           port.o
    0x0800028a   0x0800028a   0x00000002   PAD
    0x0800028c   0x0800028c   0x00000000   Code   RO         5750    .emb_text           c_w.l(maybetermalloc1.o)
    0x0800028c   0x0800028c   0x00000040   Code   RO         5496    .text               startup_stm32f103xe.o
    0x080002cc   0x080002cc   0x0000005e   Code   RO         5506    .text               c_w.l(h1_alloc.o)
    0x0800032a   0x0800032a   0x0000004e   Code   RO         5508    .text               c_w.l(h1_free.o)
    0x08000378   0x08000378   0x00000018   Code   RO         5568    .text               c_w.l(noretval__2printf.o)
    0x08000390   0x08000390   0x00000068   Code   RO         5570    .text               c_w.l(__printf.o)
    0x080003f8   0x080003f8   0x0000008a   Code   RO         5594    .text               c_w.l(rt_memcpy_v6.o)
    0x08000482   0x08000482   0x00000010   Code   RO         5598    .text               c_w.l(aeabi_memset.o)
    0x08000492   0x08000492   0x00000044   Code   RO         5600    .text               c_w.l(rt_memclr.o)
    0x080004d6   0x080004d6   0x0000004e   Code   RO         5602    .text               c_w.l(rt_memclr_w.o)
    0x08000524   0x08000524   0x00000006   Code   RO         5604    .text               c_w.l(heapauxi.o)
    0x0800052a   0x0800052a   0x00000002   PAD
    0x0800052c   0x0800052c   0x00000008   Code   RO         5632    .text               c_w.l(rt_heap_descriptor_intlibspace.o)
    0x08000534   0x08000534   0x00000004   Code   RO         5634    .text               c_w.l(hguard.o)
    0x08000538   0x08000538   0x0000008a   Code   RO         5636    .text               c_w.l(init_alloc.o)
    0x080005c2   0x080005c2   0x0000000e   Code   RO         5640    .text               c_w.l(h1_init.o)
    0x080005d0   0x080005d0   0x0000041e   Code   RO         5654    .text               c_w.l(_printf_fp_dec.o)
    0x080009ee   0x080009ee   0x00000002   PAD
    0x080009f0   0x080009f0   0x00000024   Code   RO         5656    .text               c_w.l(_printf_char_file.o)
    0x08000a14   0x08000a14   0x00000064   Code   RO         5665    .text               c_w.l(rt_memcpy_w.o)
    0x08000a78   0x08000a78   0x00000008   Code   RO         5725    .text               c_w.l(libspace.o)
    0x08000a80   0x08000a80   0x00000008   Code   RO         5746    .text               c_w.l(rt_locale_intlibspace.o)
    0x08000a88   0x08000a88   0x00000034   Code   RO         5752    .text               c_w.l(h1_extend.o)
    0x08000abc   0x08000abc   0x0000008a   Code   RO         5756    .text               c_w.l(lludiv10.o)
    0x08000b46   0x08000b46   0x00000002   PAD
    0x08000b48   0x08000b48   0x00000030   Code   RO         5758    .text               c_w.l(_printf_char_common.o)
    0x08000b78   0x08000b78   0x00000080   Code   RO         5760    .text               c_w.l(_printf_fp_infnan.o)
    0x08000bf8   0x08000bf8   0x000000e4   Code   RO         5762    .text               c_w.l(bigflt0.o)
    0x08000cdc   0x08000cdc   0x00000008   Code   RO         5787    .text               c_w.l(ferror.o)
    0x08000ce4   0x08000ce4   0x00000138   Code   RO         5793    .text               c_w.l(initio.o)
    0x08000e1c   0x08000e1c   0x0000000e   Code   RO         5804    .text               c_w.l(defsig_rtmem_outer.o)
    0x08000e2a   0x08000e2a   0x00000066   Code   RO         5819    .text               c_w.l(sys_io.o)
    0x08000e90   0x08000e90   0x00000002   Code   RO         5824    .text               c_w.l(use_no_semi.o)
    0x08000e92   0x08000e92   0x00000000   Code   RO         5826    .text               c_w.l(indicate_semi.o)
    0x08000e92   0x08000e92   0x0000004a   Code   RO         5827    .text               c_w.l(sys_stackheap_outer.o)
    0x08000edc   0x08000edc   0x000001d6   Code   RO         5835    .text               c_w.l(flsbuf.o)
    0x080010b2   0x080010b2   0x00000046   Code   RO         5837    .text               c_w.l(setvbuf.o)
    0x080010f8   0x080010f8   0x000000ec   Code   RO         5840    .text               c_w.l(fopen.o)
    0x080011e4   0x080011e4   0x0000004c   Code   RO         5842    .text               c_w.l(fclose.o)
    0x08001230   0x08001230   0x00000012   Code   RO         5848    .text               c_w.l(exit.o)
    0x08001242   0x08001242   0x0000000a   Code   RO         5850    .text               c_w.l(defsig_exit.o)
    0x0800124c   0x0800124c   0x0000000e   Code   RO         5852    .text               c_w.l(defsig_rtred_outer.o)
    0x0800125a   0x0800125a   0x00000002   PAD
    0x0800125c   0x0800125c   0x00000050   Code   RO         5856    .text               c_w.l(defsig_rtmem_inner.o)
    0x080012ac   0x080012ac   0x00000080   Code   RO         5858    .text               c_w.l(strcmpv7m.o)
    0x0800132c   0x0800132c   0x0000000c   Code   RO         5888    .text               c_w.l(sys_exit.o)
    0x08001338   0x08001338   0x000000f8   Code   RO         5898    .text               c_w.l(fseek.o)
    0x08001430   0x08001430   0x000000f0   Code   RO         5900    .text               c_w.l(stdio.o)
    0x08001520   0x08001520   0x00000032   Code   RO         5908    .text               c_w.l(defsig_general.o)
    0x08001552   0x08001552   0x00000002   PAD
    0x08001554   0x08001554   0x00000034   Code   RO         5910    .text               c_w.l(defsig_rtred_inner.o)
    0x08001588   0x08001588   0x0000003e   Code   RO         5914    .text               c_w.l(strlen.o)
    0x080015c6   0x080015c6   0x0000000e   Code   RO         5916    .text               c_w.l(sys_wrch.o)
    0x080015d4   0x080015d4   0x00000042   Code   RO         5929    .text               c_w.l(ftell.o)
    0x08001616   0x08001616   0x00000002   PAD
    0x08001618   0x08001618   0x00000008   Code   RO         5940    .text               c_w.l(rt_errno_addr_intlibspace.o)
    0x08001620   0x08001620   0x0000003e   Code   RO         5765    CL$$btod_d2e        c_w.l(btod.o)
    0x0800165e   0x0800165e   0x00000046   Code   RO         5767    CL$$btod_d2e_denorm_low  c_w.l(btod.o)
    0x080016a4   0x080016a4   0x00000060   Code   RO         5766    CL$$btod_d2e_norm_op1  c_w.l(btod.o)
    0x08001704   0x08001704   0x00000338   Code   RO         5775    CL$$btod_div_common  c_w.l(btod.o)
    0x08001a3c   0x08001a3c   0x000000dc   Code   RO         5772    CL$$btod_e2e        c_w.l(btod.o)
    0x08001b18   0x08001b18   0x0000002a   Code   RO         5769    CL$$btod_ediv       c_w.l(btod.o)
    0x08001b42   0x08001b42   0x0000002a   Code   RO         5768    CL$$btod_emul       c_w.l(btod.o)
    0x08001b6c   0x08001b6c   0x00000244   Code   RO         5774    CL$$btod_mult_common  c_w.l(btod.o)
    0x08001db0   0x08001db0   0x00000058   Code   RO         1707    i.ADC1_GetVoltage   drv_adc.o
    0x08001e08   0x08001e08   0x00000060   Code   RO         1708    i.ADC1_Init         drv_adc.o
    0x08001e68   0x08001e68   0x00000034   Code   RO         1709    i.ADC1_InputSample  drv_adc.o
    0x08001e9c   0x08001e9c   0x0000005c   Code   RO         1968    i.ADC_ConversionStop_Disable  stm32f1xx_hal_adc.o
    0x08001ef8   0x08001ef8   0x00000090   Code   RO         1972    i.ADC_Enable        stm32f1xx_hal_adc.o
    0x08001f88   0x08001f88   0x00000004   Code   RO         1538    i.BusFault_Handler  stm32f1xx_it.o
    0x08001f8c   0x08001f8c   0x00000002   Code   RO         1539    i.DebugMon_Handler  stm32f1xx_it.o
    0x08001f8e   0x08001f8e   0x00000002   PAD
    0x08001f90   0x08001f90   0x00000050   Code   RO         1642    i.GPIO_12vPower_Init  drv_gpio.o
    0x08001fe0   0x08001fe0   0x0000004c   Code   RO         1644    i.GPIO_3v3Power_Init  drv_gpio.o
    0x0800202c   0x0800202c   0x00000050   Code   RO         1645    i.GPIO_4GModule_RS485_StatusLED_Init  drv_gpio.o
    0x0800207c   0x0800207c   0x00000014   Code   RO         1646    i.GPIO_4GModule_StatusLED_Ctrl  drv_gpio.o
    0x08002090   0x08002090   0x00000014   Code   RO         1647    i.GPIO_RS485_StatusLED_Ctrl  drv_gpio.o
    0x080020a4   0x080020a4   0x00000160   Code   RO         1974    i.HAL_ADC_ConfigChannel  stm32f1xx_hal_adc.o
    0x08002204   0x08002204   0x00000008   Code   RO         1981    i.HAL_ADC_GetValue  stm32f1xx_hal_adc.o
    0x0800220c   0x0800220c   0x00000160   Code   RO         1983    i.HAL_ADC_Init      stm32f1xx_hal_adc.o
    0x0800236c   0x0800236c   0x00000070   Code   RO         1711    i.HAL_ADC_MspInit   drv_adc.o
    0x080023dc   0x080023dc   0x00000180   Code   RO         1987    i.HAL_ADC_PollForConversion  stm32f1xx_hal_adc.o
    0x0800255c   0x0800255c   0x00000130   Code   RO         1989    i.HAL_ADC_Start     stm32f1xx_hal_adc.o
    0x0800268c   0x0800268c   0x00000340   Code   RO         2745    i.HAL_GPIO_Init     stm32f1xx_hal_gpio.o
    0x080029cc   0x080029cc   0x0000000c   Code   RO         2749    i.HAL_GPIO_WritePin  stm32f1xx_hal_gpio.o
    0x080029d8   0x080029d8   0x0000000c   Code   RO         1805    i.HAL_GetTick       stm32f1xx_hal.o
    0x080029e4   0x080029e4   0x00000018   Code   RO         1811    i.HAL_IncTick       stm32f1xx_hal.o
    0x080029fc   0x080029fc   0x00000028   Code   RO         1812    i.HAL_Init          stm32f1xx_hal.o
    0x08002a24   0x08002a24   0x000000a0   Code   RO         1602    i.HAL_InitTick      stm32f1xx_hal_timebase_tim.o
    0x08002ac4   0x08002ac4   0x00000002   Code   RO         1815    i.HAL_MspInit       stm32f1xx_hal.o
    0x08002ac6   0x08002ac6   0x00000020   Code   RO         2246    i.HAL_NVIC_EnableIRQ  stm32f1xx_hal_cortex.o
    0x08002ae6   0x08002ae6   0x0000007c   Code   RO         2252    i.HAL_NVIC_SetPriority  stm32f1xx_hal_cortex.o
    0x08002b62   0x08002b62   0x00000002   PAD
    0x08002b64   0x08002b64   0x00000028   Code   RO         2253    i.HAL_NVIC_SetPriorityGrouping  stm32f1xx_hal_cortex.o
    0x08002b8c   0x08002b8c   0x00000118   Code   RO         3555    i.HAL_RCCEx_GetPeriphCLKFreq  stm32f1xx_hal_rcc_ex.o
    0x08002ca4   0x08002ca4   0x00000044   Code   RO         3451    i.HAL_RCC_GetClockConfig  stm32f1xx_hal_rcc.o
    0x08002ce8   0x08002ce8   0x0000000c   Code   RO         3452    i.HAL_RCC_GetHCLKFreq  stm32f1xx_hal_rcc.o
    0x08002cf4   0x08002cf4   0x00000020   Code   RO         3455    i.HAL_RCC_GetPCLK2Freq  stm32f1xx_hal_rcc.o
    0x08002d14   0x08002d14   0x00000070   Code   RO         3456    i.HAL_RCC_GetSysClockFreq  stm32f1xx_hal_rcc.o
    0x08002d84   0x08002d84   0x00000002   Code   RO         4563    i.HAL_TIMEx_BreakCallback  stm32f1xx_hal_tim_ex.o
    0x08002d86   0x08002d86   0x00000002   Code   RO         4564    i.HAL_TIMEx_CommutCallback  stm32f1xx_hal_tim_ex.o
    0x08002d88   0x08002d88   0x00000066   Code   RO         3848    i.HAL_TIM_Base_Init  stm32f1xx_hal_tim.o
    0x08002dee   0x08002dee   0x00000002   Code   RO         3850    i.HAL_TIM_Base_MspInit  stm32f1xx_hal_tim.o
    0x08002df0   0x08002df0   0x00000090   Code   RO         3853    i.HAL_TIM_Base_Start_IT  stm32f1xx_hal_tim.o
    0x08002e80   0x08002e80   0x00000002   Code   RO         3882    i.HAL_TIM_IC_CaptureCallback  stm32f1xx_hal_tim.o
    0x08002e82   0x08002e82   0x0000016c   Code   RO         3896    i.HAL_TIM_IRQHandler  stm32f1xx_hal_tim.o
    0x08002fee   0x08002fee   0x00000002   Code   RO         3899    i.HAL_TIM_OC_DelayElapsedCallback  stm32f1xx_hal_tim.o
    0x08002ff0   0x08002ff0   0x00000002   Code   RO         3926    i.HAL_TIM_PWM_PulseFinishedCallback  stm32f1xx_hal_tim.o
    0x08002ff2   0x08002ff2   0x00000002   PAD
    0x08002ff4   0x08002ff4   0x00000018   Code   RO            5    i.HAL_TIM_PeriodElapsedCallback  main.o
    0x0800300c   0x0800300c   0x00000002   Code   RO         3939    i.HAL_TIM_TriggerCallback  stm32f1xx_hal_tim.o
    0x0800300e   0x0800300e   0x00000004   Code   RO         1540    i.HardFault_Handler  stm32f1xx_it.o
    0x08003012   0x08003012   0x00000004   Code   RO         1541    i.MemManage_Handler  stm32f1xx_it.o
    0x08003016   0x08003016   0x00000004   Code   RO         1542    i.NMI_Handler       stm32f1xx_it.o
    0x0800301a   0x0800301a   0x00000002   PAD
    0x0800301c   0x0800301c   0x00000034   Code   RO         1459    i.SysTick_Handler   port.o
    0x08003050   0x08003050   0x00000002   Code   RO         1758    i.SystemInit        system_stm32f1xx.o
    0x08003052   0x08003052   0x00000002   PAD
    0x08003054   0x08003054   0x00000010   Code   RO         1543    i.TIM8_UP_IRQHandler  stm32f1xx_it.o
    0x08003064   0x08003064   0x000000ac   Code   RO         3941    i.TIM_Base_SetConfig  stm32f1xx_hal_tim.o
    0x08003110   0x08003110   0x00000004   Code   RO         1544    i.UsageFault_Handler  stm32f1xx_it.o
    0x08003114   0x08003114   0x00000028   Code   RO         5817    i.__ARM_fpclassify  m_ws.l(fpclassify.o)
    0x0800313c   0x0800313c   0x00000010   Code   RO         2259    i.__NVIC_GetPriorityGrouping  stm32f1xx_hal_cortex.o
    0x0800314c   0x0800314c   0x00000028   Code   RO         2260    i.__NVIC_SetPriority  stm32f1xx_hal_cortex.o
    0x08003174   0x08003174   0x0000001a   Code   RO         5790    i.fputc             c_w.l(fputc.o)
    0x0800318e   0x0800318e   0x00000002   PAD
    0x08003190   0x08003190   0x00000040   Code   RO            7    i.main              main.o
    0x080031d0   0x080031d0   0x0000007c   Code   RO          861    i.prvAddCurrentTaskToDelayedList  tasks.o
    0x0800324c   0x0800324c   0x000000b8   Code   RO          862    i.prvAddNewTaskToReadyList  tasks.o
    0x08003304   0x08003304   0x00000064   Code   RO         1231    i.prvCheckForValidListAndQueue  timers.o
    0x08003368   0x08003368   0x00000048   Code   RO          863    i.prvCheckTasksWaitingTermination  tasks.o
    0x080033b0   0x080033b0   0x0000002a   Code   RO          475    i.prvCopyDataFromQueue  queue.o
    0x080033da   0x080033da   0x0000007e   Code   RO          476    i.prvCopyDataToQueue  queue.o
    0x08003458   0x08003458   0x00000012   Code   RO          864    i.prvDeleteTCB      tasks.o
    0x0800346a   0x0800346a   0x00000002   PAD
    0x0800346c   0x0800346c   0x00000028   Code   RO         1232    i.prvGetNextExpireTime  timers.o
    0x08003494   0x08003494   0x0000007c   Code   RO         1403    i.prvHeapInit       heap_4.o
    0x08003510   0x08003510   0x00000028   Code   RO          865    i.prvIdleTask       tasks.o
    0x08003538   0x08003538   0x0000002a   Code   RO          479    i.prvInitialiseNewQueue  queue.o
    0x08003562   0x08003562   0x000000be   Code   RO          866    i.prvInitialiseNewTask  tasks.o
    0x08003620   0x08003620   0x00000068   Code   RO          867    i.prvInitialiseTaskLists  tasks.o
    0x08003688   0x08003688   0x00000068   Code   RO         1404    i.prvInsertBlockIntoFreeList  heap_4.o
    0x080036f0   0x080036f0   0x00000058   Code   RO         1234    i.prvInsertTimerInActiveList  timers.o
    0x08003748   0x08003748   0x0000001a   Code   RO          480    i.prvIsQueueEmpty   queue.o
    0x08003762   0x08003762   0x0000001e   Code   RO          481    i.prvIsQueueFull    queue.o
    0x08003780   0x08003780   0x00000074   Code   RO         1235    i.prvProcessExpiredTimer  timers.o
    0x080037f4   0x080037f4   0x00000164   Code   RO         1236    i.prvProcessReceivedCommands  timers.o
    0x08003958   0x08003958   0x00000074   Code   RO         1237    i.prvProcessTimerOrBlockTask  timers.o
    0x080039cc   0x080039cc   0x00000034   Code   RO          869    i.prvResetNextTaskUnblockTime  tasks.o
    0x08003a00   0x08003a00   0x0000002c   Code   RO         1238    i.prvSampleTimeNow  timers.o
    0x08003a2c   0x08003a2c   0x000000a4   Code   RO         1239    i.prvSwitchTimerLists  timers.o
    0x08003ad0   0x08003ad0   0x00000040   Code   RO         1460    i.prvTaskExitError  port.o
    0x08003b10   0x08003b10   0x0000001a   Code   RO         1240    i.prvTimerTask      timers.o
    0x08003b2a   0x08003b2a   0x0000007e   Code   RO          482    i.prvUnlockQueue    queue.o
    0x08003ba8   0x08003ba8   0x0000014c   Code   RO         1405    i.pvPortMalloc      heap_4.o
    0x08003cf4   0x08003cf4   0x00000024   Code   RO         1461    i.pxPortInitialiseStack  port.o
    0x08003d18   0x08003d18   0x00000050   Code   RO            8    i.test              main.o
    0x08003d68   0x08003d68   0x00000028   Code   RO          435    i.uxListRemove      list.o
    0x08003d90   0x08003d90   0x0000001a   Code   RO          436    i.vListInitialise   list.o
    0x08003daa   0x08003daa   0x00000006   Code   RO          437    i.vListInitialiseItem  list.o
    0x08003db0   0x08003db0   0x00000034   Code   RO          438    i.vListInsert       list.o
    0x08003de4   0x08003de4   0x00000018   Code   RO          439    i.vListInsertEnd    list.o
    0x08003dfc   0x08003dfc   0x00000054   Code   RO         1463    i.vPortEnterCritical  port.o
    0x08003e50   0x08003e50   0x0000003c   Code   RO         1464    i.vPortExitCritical  port.o
    0x08003e8c   0x08003e8c   0x000000a4   Code   RO         1406    i.vPortFree         heap_4.o
    0x08003f30   0x08003f30   0x00000028   Code   RO         1465    i.vPortSetupTimerInterrupt  port.o
    0x08003f58   0x08003f58   0x00000078   Code   RO         1466    i.vPortValidateInterruptPriority  port.o
    0x08003fd0   0x08003fd0   0x0000002c   Code   RO          488    i.vQueueAddToRegistry  queue.o
    0x08003ffc   0x08003ffc   0x0000004a   Code   RO          492    i.vQueueWaitForMessageRestricted  queue.o
    0x08004046   0x08004046   0x00000002   PAD
    0x08004048   0x08004048   0x0000005c   Code   RO          882    i.vTaskDelay        tasks.o
    0x080040a4   0x080040a4   0x00000018   Code   RO          887    i.vTaskInternalSetTimeOutState  tasks.o
    0x080040bc   0x080040bc   0x0000000c   Code   RO          888    i.vTaskMissedYield  tasks.o
    0x080040c8   0x080040c8   0x00000038   Code   RO          890    i.vTaskPlaceOnEventList  tasks.o
    0x08004100   0x08004100   0x00000040   Code   RO          891    i.vTaskPlaceOnEventListRestricted  tasks.o
    0x08004140   0x08004140   0x00000094   Code   RO          899    i.vTaskStartScheduler  tasks.o
    0x080041d4   0x080041d4   0x00000010   Code   RO          901    i.vTaskSuspendAll   tasks.o
    0x080041e4   0x080041e4   0x00000090   Code   RO          902    i.vTaskSwitchContext  tasks.o
    0x08004274   0x08004274   0x000000f8   Code   RO         1467    i.xPortStartScheduler  port.o
    0x0800436c   0x0800436c   0x00000054   Code   RO          495    i.xQueueGenericCreate  queue.o
    0x080043c0   0x080043c0   0x00000098   Code   RO          496    i.xQueueGenericReset  queue.o
    0x08004458   0x08004458   0x000001a8   Code   RO          497    i.xQueueGenericSend  queue.o
    0x08004600   0x08004600   0x000000fc   Code   RO          498    i.xQueueGenericSendFromISR  queue.o
    0x080046fc   0x080046fc   0x00000168   Code   RO          507    i.xQueueReceive     queue.o
    0x08004864   0x08004864   0x0000008c   Code   RO          904    i.xTaskCheckForTimeOut  tasks.o
    0x080048f0   0x080048f0   0x00000060   Code   RO          905    i.xTaskCreate       tasks.o
    0x08004950   0x08004950   0x00000020   Code   RO          909    i.xTaskGetSchedulerState  tasks.o
    0x08004970   0x08004970   0x0000000c   Code   RO          910    i.xTaskGetTickCount  tasks.o
    0x0800497c   0x0800497c   0x00000144   Code   RO          912    i.xTaskIncrementTick  tasks.o
    0x08004ac0   0x08004ac0   0x000000a4   Code   RO          915    i.xTaskPriorityDisinherit  tasks.o
    0x08004b64   0x08004b64   0x00000098   Code   RO          917    i.xTaskRemoveFromEventList  tasks.o
    0x08004bfc   0x08004bfc   0x00000104   Code   RO          918    i.xTaskResumeAll    tasks.o
    0x08004d00   0x08004d00   0x00000054   Code   RO         1248    i.xTimerCreateTimerTask  timers.o
    0x08004d54   0x08004d54   0x00000084   Code   RO         1249    i.xTimerGenericCommand  timers.o
    0x08004dd8   0x08004dd8   0x0000002c   Code   RO         5802    locale$$code        c_w.l(lc_numeric_c.o)
    0x08004e04   0x08004e04   0x00000062   Code   RO         5608    x$fpl$d2f           fz_ws.l(d2f.o)
    0x08004e66   0x08004e66   0x00000002   PAD
    0x08004e68   0x08004e68   0x000002b0   Code   RO         5611    x$fpl$ddiv          fz_ws.l(ddiv.o)
    0x08005118   0x08005118   0x00000026   Code   RO         5614    x$fpl$dfltu         fz_ws.l(dflt_clz.o)
    0x0800513e   0x0800513e   0x00000002   PAD
    0x08005140   0x08005140   0x00000154   Code   RO         5620    x$fpl$dmul          fz_ws.l(dmul.o)
    0x08005294   0x08005294   0x0000009c   Code   RO         5714    x$fpl$dnaninf       fz_ws.l(dnaninf.o)
    0x08005330   0x08005330   0x0000000c   Code   RO         5716    x$fpl$dretinf       fz_ws.l(dretinf.o)
    0x0800533c   0x0800533c   0x00000056   Code   RO         5622    x$fpl$f2d           fz_ws.l(f2d.o)
    0x08005392   0x08005392   0x0000008c   Code   RO         5718    x$fpl$fnaninf       fz_ws.l(fnaninf.o)
    0x0800541e   0x0800541e   0x0000000a   Code   RO         5720    x$fpl$fretinf       fz_ws.l(fretinf.o)
    0x08005428   0x08005428   0x00000004   Code   RO         5624    x$fpl$printf1       fz_ws.l(printf1.o)
    0x0800542c   0x0800542c   0x00000000   Code   RO         5722    x$fpl$usenofp       fz_ws.l(usenofp.o)
    0x0800542c   0x0800542c   0x00000018   Data   RO         1759    .constdata          system_stm32f1xx.o
    0x08005444   0x08005444   0x00000012   Data   RO         3461    .constdata          stm32f1xx_hal_rcc.o
    0x08005456   0x08005456   0x00000012   Data   RO         3557    .constdata          stm32f1xx_hal_rcc_ex.o
    0x08005468   0x08005468   0x00000094   Data   RO         5763    .constdata          c_w.l(bigflt0.o)
    0x080054fc   0x080054fc   0x00000004   Data   RO         5820    .constdata          c_w.l(sys_io.o)
    0x08005500   0x08005500   0x00000004   Data   RO         5821    .constdata          c_w.l(sys_io.o)
    0x08005504   0x08005504   0x00000004   Data   RO         5822    .constdata          c_w.l(sys_io.o)
    0x08005508   0x08005508   0x00000020   Data   RO         5959    Region$$Table       anon$$obj.o
    0x08005528   0x08005528   0x0000001c   Data   RO         5801    locale$$data        c_w.l(lc_numeric_c.o)


    Execution Region RW_IRAM1 (Exec base: 0x20000000, Load base: 0x08005544, Size: 0x000019a0, Max: 0x00010000, ABSOLUTE)

    Exec Addr    Load Addr    Size         Type   Attr      Idx    E Section Name        Object

    0x20000000   0x08005544   0x00000004   Data   RW            9    .data               main.o
    0x20000004   0x08005548   0x0000003c   Data   RW          921    .data               tasks.o
    0x20000040   0x08005584   0x00000014   Data   RW         1257    .data               timers.o
    0x20000054   0x08005598   0x00000020   Data   RW         1412    .data               heap_4.o
    0x20000074   0x080055b8   0x0000000c   Data   RW         1468    .data               port.o
    0x20000080   0x080055c4   0x00000004   Data   RW         1760    .data               system_stm32f1xx.o
    0x20000084   0x080055c8   0x00000009   Data   RW         1819    .data               stm32f1xx_hal.o
    0x2000008d   0x080055d1   0x00000003   PAD
    0x20000090   0x080055d4   0x00000004   Data   RW         5662    .data               c_w.l(stdio_streams.o)
    0x20000094   0x080055d8   0x00000004   Data   RW         5663    .data               c_w.l(stdio_streams.o)
    0x20000098   0x080055dc   0x00000004   Data   RW         5664    .data               c_w.l(stdio_streams.o)
    0x2000009c        -       0x00000040   Zero   RW          511    .bss                queue.o
    0x200000dc        -       0x000004c4   Zero   RW          920    .bss                tasks.o
    0x200005a0        -       0x00000028   Zero   RW         1256    .bss                timers.o
    0x200005c8        -       0x00000c00   Zero   RW         1411    .bss                heap_4.o
    0x200011c8        -       0x00000048   Zero   RW         1605    .bss                stm32f1xx_hal_timebase_tim.o
    0x20001210        -       0x00000030   Zero   RW         1712    .bss                drv_adc.o
    0x20001240        -       0x00000054   Zero   RW         5659    .bss                c_w.l(stdio_streams.o)
    0x20001294        -       0x00000054   Zero   RW         5660    .bss                c_w.l(stdio_streams.o)
    0x200012e8        -       0x00000054   Zero   RW         5661    .bss                c_w.l(stdio_streams.o)
    0x2000133c        -       0x00000060   Zero   RW         5726    .bss                c_w.l(libspace.o)
    0x2000139c   0x080055e0   0x00000004   PAD
    0x200013a0        -       0x00000200   Zero   RW         5494    HEAP                startup_stm32f103xe.o
    0x200015a0        -       0x00000400   Zero   RW         5493    STACK               startup_stm32f103xe.o


==============================================================================

Image component sizes


      Code (inc. data)   RO Data    RW Data    ZI Data      Debug   Object Name

       348         46          0          0         48       3032   drv_adc.o
       276         36          0          0          0       3294   drv_gpio.o
         0          0          0          0          0       8896   event_groups.o
       724         74          0         32       3072       4607   heap_4.o
       148          0          0          0          0       3222   list.o
       168         40          0          4          0     501246   main.o
       854         78          0         12          0      10529   port.o
      1782         20          0          0         64      15882   queue.o
         0          0          0          0          0       1472   ringbuffer.o
        64         26        304          0       1536        828   startup_stm32f103xe.o
        78         20          0          9          0       5816   stm32f1xx_hal.o
      1636         64          0          0          0       6516   stm32f1xx_hal_adc.o
       252         22          0          0          0      28762   stm32f1xx_hal_cortex.o
       844         40          0          0          0       2740   stm32f1xx_hal_gpio.o
       224         46         18          0          0       3060   stm32f1xx_hal_rcc.o
       280         20         18          0          0       1421   stm32f1xx_hal_rcc_ex.o
       792         44          0          0          0       6446   stm32f1xx_hal_tim.o
         4          0          0          0          0       1589   stm32f1xx_hal_tim_ex.o
       160         22          0          0         72       1467   stm32f1xx_hal_timebase_tim.o
        38          6          0          0          0       3166   stm32f1xx_it.o
         2          0         24          4          0       1155   system_stm32f1xx.o
      2520        348          0         60       1220      23994   tasks.o
      1266        114          0         20         40      22555   timers.o

    ----------------------------------------------------------------------
     12476       1066        396        144       6052     661695   Object Totals
         0          0         32          0          0          0   (incl. Generated)
        16          0          0          3          0          0   (incl. Padding)

    ----------------------------------------------------------------------

      Code (inc. data)   RO Data    RW Data    ZI Data      Debug   Library Member Name

         8          0          0          0          0         68   __main.o
       104          0          0          0          0         84   __printf.o
         0          0          0          0          0          0   __rtentry.o
        12          0          0          0          0          0   __rtentry2.o
         6          0          0          0          0          0   __rtentry4.o
        52          8          0          0          0          0   __scatter.o
        26          0          0          0          0          0   __scatter_copy.o
        28          0          0          0          0          0   __scatter_zi.o
        48          6          0          0          0         96   _printf_char_common.o
        36          4          0          0          0         80   _printf_char_file.o
         6          0          0          0          0          0   _printf_f.o
      1054          0          0          0          0        216   _printf_fp_dec.o
       128         16          0          0          0         84   _printf_fp_infnan.o
         0          0          0          0          0          0   _printf_percent.o
         4          0          0          0          0          0   _printf_percent_end.o
        16          0          0          0          0         68   aeabi_memset.o
       228          4        148          0          0         96   bigflt0.o
      1936        128          0          0          0        672   btod.o
        10          0          0          0          0         68   defsig_exit.o
        50          0          0          0          0         88   defsig_general.o
        80         58          0          0          0         76   defsig_rtmem_inner.o
        14          0          0          0          0         80   defsig_rtmem_outer.o
        52         38          0          0          0         76   defsig_rtred_inner.o
        14          0          0          0          0         80   defsig_rtred_outer.o
        18          0          0          0          0         80   exit.o
        76          0          0          0          0         88   fclose.o
         8          0          0          0          0         68   ferror.o
       470          0          0          0          0         88   flsbuf.o
       236          4          0          0          0        128   fopen.o
        26          0          0          0          0         68   fputc.o
       248          6          0          0          0         84   fseek.o
        66          0          0          0          0         76   ftell.o
        94          0          0          0          0         80   h1_alloc.o
        52          0          0          0          0         68   h1_extend.o
        78          0          0          0          0         80   h1_free.o
        14          0          0          0          0         84   h1_init.o
         6          0          0          0          0        152   heapauxi.o
         4          0          0          0          0        136   hguard.o
         0          0          0          0          0          0   indicate_semi.o
       138          0          0          0          0        168   init_alloc.o
       312         46          0          0          0        112   initio.o
        44         10         28          0          0         76   lc_numeric_c.o
         2          0          0          0          0          0   libinit.o
        30          0          0          0          0          0   libinit2.o
         2          0          0          0          0          0   libshutdown.o
         6          0          0          0          0          0   libshutdown2.o
         8          4          0          0         96         68   libspace.o
       138          0          0          0          0         80   lludiv10.o
         0          0          0          0          0          0   maybetermalloc1.o
        24          4          0          0          0         84   noretval__2printf.o
         8          4          0          0          0         68   rt_errno_addr_intlibspace.o
         8          4          0          0          0         68   rt_heap_descriptor_intlibspace.o
         8          4          0          0          0         68   rt_locale_intlibspace.o
        68          0          0          0          0         68   rt_memclr.o
        78          0          0          0          0         80   rt_memclr_w.o
       138          0          0          0          0         68   rt_memcpy_v6.o
       100          0          0          0          0         80   rt_memcpy_w.o
         2          0          0          0          0          0   rtexit.o
        10          0          0          0          0          0   rtexit2.o
        70          0          0          0          0         80   setvbuf.o
       240          6          0          0          0        156   stdio.o
         0          0          0         12        252          0   stdio_streams.o
       128          0          0          0          0         68   strcmpv7m.o
        62          0          0          0          0         76   strlen.o
        12          4          0          0          0         68   sys_exit.o
       102          0         12          0          0        240   sys_io.o
        74          0          0          0          0         80   sys_stackheap_outer.o
        14          0          0          0          0         76   sys_wrch.o
         2          0          0          0          0         68   use_no_semi.o
        98          4          0          0          0         92   d2f.o
       688        140          0          0          0        208   ddiv.o
        38          0          0          0          0         68   dflt_clz.o
       340         12          0          0          0        104   dmul.o
       156          4          0          0          0         92   dnaninf.o
        12          0          0          0          0         68   dretinf.o
        86          4          0          0          0         84   f2d.o
       140          4          0          0          0         84   fnaninf.o
        10          0          0          0          0         68   fretinf.o
         4          0          0          0          0         68   printf1.o
         0          0          0          0          0          0   usenofp.o
        40          0          0          0          0         68   fpclassify.o

    ----------------------------------------------------------------------
      8768        526        188         12        352       6216   Library Totals
        20          0          0          0          4          0   (incl. Padding)

    ----------------------------------------------------------------------

      Code (inc. data)   RO Data    RW Data    ZI Data      Debug   Library Name

      7136        358        188         12        348       5212   c_w.l
      1572        168          0          0          0        936   fz_ws.l
        40          0          0          0          0         68   m_ws.l

    ----------------------------------------------------------------------
      8768        526        188         12        352       6216   Library Totals

    ----------------------------------------------------------------------

==============================================================================


      Code (inc. data)   RO Data    RW Data    ZI Data      Debug   

     21244       1592        584        156       6404     658391   Grand Totals
     21244       1592        584        156       6404     658391   ELF Image Totals
     21244       1592        584        156          0          0   ROM Totals

==============================================================================

    Total RO  Size (Code + RO Data)                21828 (  21.32kB)
    Total RW  Size (RW Data + ZI Data)              6560 (   6.41kB)
    Total ROM Size (Code + RO Data + RW Data)      21984 (  21.47kB)

==============================================================================

